

================================================================
== Vivado HLS Report for 'dense_wrapper_ap_fixed_ap_fixed_27_9_5_3_0_config11_s'
================================================================
* Date:           Sat Aug  8 08:23:02 2020

* Version:        2020.1 (Build 2897737 on Wed May 27 20:21:37 MDT 2020)
* Project:        myproject_prj
* Solution:       solution1
* Product family: virtexuplus
* Target device:  xcu250-figd2104-2L-e


================================================================
== Performance Estimates
================================================================
+ Timing: 
    * Summary: 
    +--------+---------+----------+------------+
    |  Clock |  Target | Estimated| Uncertainty|
    +--------+---------+----------+------------+
    |ap_clk  | 5.00 ns | 4.370 ns |   0.62 ns  |
    +--------+---------+----------+------------+

+ Latency: 
    * Summary: 
    +---------+---------+----------+----------+-----+-----+---------+
    |  Latency (cycles) |  Latency (absolute) |  Interval | Pipeline|
    |   min   |   max   |    min   |    max   | min | max |   Type  |
    +---------+---------+----------+----------+-----+-----+---------+
    |        1|        1| 5.000 ns | 5.000 ns |    1|    1|   none  |
    +---------+---------+----------+----------+-----+-----+---------+

    + Detail: 
        * Instance: 
        N/A

        * Loop: 
        N/A



================================================================
== Utilization Estimates
================================================================
* Summary: 
+---------------------+---------+-------+---------+---------+------+
|         Name        | BRAM_18K| DSP48E|    FF   |   LUT   | URAM |
+---------------------+---------+-------+---------+---------+------+
|DSP                  |        -|      -|        -|        -|     -|
|Expression           |        -|      8|        0|    19415|     -|
|FIFO                 |        -|      -|        -|        -|     -|
|Instance             |        -|      -|        -|        -|     -|
|Memory               |        -|      -|        -|        -|     -|
|Multiplexer          |        -|      -|        -|       15|     -|
|Register             |        -|      -|     1325|        -|     -|
+---------------------+---------+-------+---------+---------+------+
|Total                |        0|      8|     1325|    19430|     0|
+---------------------+---------+-------+---------+---------+------+
|Available SLR        |     1344|   3072|   864000|   432000|   320|
+---------------------+---------+-------+---------+---------+------+
|Utilization SLR (%)  |        0|   ~0  |    ~0   |        4|     0|
+---------------------+---------+-------+---------+---------+------+
|Available            |     5376|  12288|  3456000|  1728000|  1280|
+---------------------+---------+-------+---------+---------+------+
|Utilization (%)      |        0|   ~0  |    ~0   |        1|     0|
+---------------------+---------+-------+---------+---------+------+

+ Detail: 
    * Instance: 
    N/A

    * DSP48E: 
    N/A

    * Memory: 
    N/A

    * FIFO: 
    N/A

    * Expression: 
    +---------------------------+----------+-------+---+-----+------------+------------+
    |       Variable Name       | Operation| DSP48E| FF| LUT | Bitwidth P0| Bitwidth P1|
    +---------------------------+----------+-------+---+-----+------------+------------+
    |mul_ln1118_10_fu_7970_p2   |     *    |      1|  0|   45|          27|           5|
    |mul_ln1118_11_fu_8292_p2   |     *    |      1|  0|   45|          27|           5|
    |mul_ln1118_12_fu_8350_p2   |     *    |      1|  0|   45|          27|           5|
    |mul_ln1118_13_fu_8568_p2   |     *    |      1|  0|   45|          27|           5|
    |mul_ln1118_14_fu_9246_p2   |     *    |      1|  0|   45|          27|           5|
    |mul_ln1118_1_fu_978_p2     |     *    |      0|  0|   45|          27|           4|
    |mul_ln1118_2_fu_1984_p2    |     *    |      0|  0|   45|          27|           4|
    |mul_ln1118_3_fu_2112_p2    |     *    |      0|  0|   45|          27|           4|
    |mul_ln1118_4_fu_2232_p2    |     *    |      0|  0|   45|          27|           4|
    |mul_ln1118_5_fu_2348_p2    |     *    |      0|  0|   45|          27|           4|
    |mul_ln1118_6_fu_3064_p2    |     *    |      1|  0|   45|          27|           5|
    |mul_ln1118_7_fu_4952_p2    |     *    |      0|  0|   45|          27|           4|
    |mul_ln1118_8_fu_6428_p2    |     *    |      1|  0|   45|          27|           5|
    |mul_ln1118_9_fu_6672_p2    |     *    |      1|  0|   45|          27|           5|
    |mul_ln1118_fu_656_p2       |     *    |      0|  0|   45|          27|           4|
    |acc_10_V_fu_9909_p2        |     +    |      0|  0|   27|          27|          27|
    |acc_2_V_fu_9735_p2         |     +    |      0|  0|   27|          27|          27|
    |acc_4_V_fu_9764_p2         |     +    |      0|  0|   27|          27|          27|
    |acc_6_V_fu_9793_p2         |     +    |      0|  0|   27|          27|          27|
    |acc_7_V_fu_9822_p2         |     +    |      0|  0|   27|          27|          27|
    |acc_8_V_fu_9851_p2         |     +    |      0|  0|   27|          27|          27|
    |acc_9_V_fu_9880_p2         |     +    |      0|  0|   27|          27|          27|
    |add_ln1118_10_fu_5870_p2   |     +    |      0|  0|   37|          30|          30|
    |add_ln1118_11_fu_5902_p2   |     +    |      0|  0|   37|          30|          30|
    |add_ln1118_12_fu_6408_p2   |     +    |      0|  0|   37|          30|          30|
    |add_ln1118_13_fu_6760_p2   |     +    |      0|  0|   37|          30|          30|
    |add_ln1118_14_fu_9070_p2   |     +    |      0|  0|   37|          30|          30|
    |add_ln1118_15_fu_9290_p2   |     +    |      0|  0|   37|          30|          30|
    |add_ln1118_1_fu_1810_p2    |     +    |      0|  0|   38|          31|          31|
    |add_ln1118_2_fu_2384_p2    |     +    |      0|  0|   38|          31|          31|
    |add_ln1118_3_fu_4968_p2    |     +    |      0|  0|   37|          30|          30|
    |add_ln1118_4_fu_5032_p2    |     +    |      0|  0|   38|          31|          31|
    |add_ln1118_5_fu_5360_p2    |     +    |      0|  0|   37|          30|          30|
    |add_ln1118_6_fu_5528_p2    |     +    |      0|  0|   37|          30|          30|
    |add_ln1118_7_fu_5680_p2    |     +    |      0|  0|   37|          30|          30|
    |add_ln1118_8_fu_5738_p2    |     +    |      0|  0|   38|          31|          31|
    |add_ln1118_9_fu_5774_p2    |     +    |      0|  0|   38|          31|          31|
    |add_ln1118_fu_866_p2       |     +    |      0|  0|   38|          31|          31|
    |add_ln703_100_fu_4720_p2   |     +    |      0|  0|   32|          25|          25|
    |add_ln703_101_fu_4730_p2   |     +    |      0|  0|   32|          25|          25|
    |add_ln703_102_fu_4740_p2   |     +    |      0|  0|   33|          26|          26|
    |add_ln703_103_fu_4750_p2   |     +    |      0|  0|   32|          25|          25|
    |add_ln703_104_fu_4760_p2   |     +    |      0|  0|   32|          25|          25|
    |add_ln703_105_fu_4770_p2   |     +    |      0|  0|   33|          26|          26|
    |add_ln703_106_fu_4780_p2   |     +    |      0|  0|   27|          27|          27|
    |add_ln703_107_fu_4786_p2   |     +    |      0|  0|   27|          27|          27|
    |add_ln703_108_fu_4792_p2   |     +    |      0|  0|   31|          24|          24|
    |add_ln703_109_fu_4802_p2   |     +    |      0|  0|   32|          25|          25|
    |add_ln703_10_fu_2466_p2    |     +    |      0|  0|   27|          27|          27|
    |add_ln703_110_fu_4812_p2   |     +    |      0|  0|   31|          24|          24|
    |add_ln703_111_fu_4822_p2   |     +    |      0|  0|   31|          24|          24|
    |add_ln703_112_fu_4832_p2   |     +    |      0|  0|   32|          25|          25|
    |add_ln703_113_fu_4842_p2   |     +    |      0|  0|   33|          26|          26|
    |add_ln703_114_fu_4852_p2   |     +    |      0|  0|   31|          24|          24|
    |add_ln703_115_fu_4862_p2   |     +    |      0|  0|   30|          23|          23|
    |add_ln703_116_fu_4872_p2   |     +    |      0|  0|   32|          25|          25|
    |add_ln703_117_fu_4882_p2   |     +    |      0|  0|   30|          23|          23|
    |add_ln703_118_fu_4892_p2   |     +    |      0|  0|   30|          23|          23|
    |add_ln703_119_fu_4902_p2   |     +    |      0|  0|   31|          24|          24|
    |add_ln703_11_fu_2472_p2    |     +    |      0|  0|   34|          27|          27|
    |add_ln703_120_fu_4912_p2   |     +    |      0|  0|   33|          26|          26|
    |add_ln703_121_fu_4922_p2   |     +    |      0|  0|   34|          27|          27|
    |add_ln703_122_fu_9760_p2   |     +    |      0|  0|   27|          27|          27|
    |add_ln703_124_fu_4942_p2   |     +    |      0|  0|   32|          25|          25|
    |add_ln703_125_fu_5922_p2   |     +    |      0|  0|   27|          27|          27|
    |add_ln703_126_fu_5928_p2   |     +    |      0|  0|   27|          27|          27|
    |add_ln703_127_fu_5934_p2   |     +    |      0|  0|   34|          27|          27|
    |add_ln703_128_fu_5940_p2   |     +    |      0|  0|   34|          27|          27|
    |add_ln703_129_fu_5946_p2   |     +    |      0|  0|   27|          27|          27|
    |add_ln703_12_fu_2478_p2    |     +    |      0|  0|   27|          27|          27|
    |add_ln703_130_fu_5952_p2   |     +    |      0|  0|   27|          27|          27|
    |add_ln703_131_fu_5958_p2   |     +    |      0|  0|   27|          27|          27|
    |add_ln703_132_fu_5964_p2   |     +    |      0|  0|   27|          27|          27|
    |add_ln703_133_fu_5970_p2   |     +    |      0|  0|   27|          27|          27|
    |add_ln703_134_fu_5976_p2   |     +    |      0|  0|   33|          26|          26|
    |add_ln703_135_fu_5986_p2   |     +    |      0|  0|   27|          27|          27|
    |add_ln703_136_fu_9770_p2   |     +    |      0|  0|   27|          27|          27|
    |add_ln703_137_fu_9774_p2   |     +    |      0|  0|   27|          27|          27|
    |add_ln703_138_fu_5992_p2   |     +    |      0|  0|   33|          26|          26|
    |add_ln703_139_fu_6002_p2   |     +    |      0|  0|   34|          27|          27|
    |add_ln703_13_fu_2484_p2    |     +    |      0|  0|   27|          27|          27|
    |add_ln703_140_fu_6008_p2   |     +    |      0|  0|   33|          26|          26|
    |add_ln703_141_fu_6018_p2   |     +    |      0|  0|   33|          26|          26|
    |add_ln703_142_fu_6028_p2   |     +    |      0|  0|   27|          27|          27|
    |add_ln703_143_fu_6034_p2   |     +    |      0|  0|   27|          27|          27|
    |add_ln703_144_fu_6040_p2   |     +    |      0|  0|   33|          26|          26|
    |add_ln703_145_fu_6050_p2   |     +    |      0|  0|   33|          26|          26|
    |add_ln703_146_fu_6060_p2   |     +    |      0|  0|   34|          27|          27|
    |add_ln703_147_fu_6066_p2   |     +    |      0|  0|   33|          26|          26|
    |add_ln703_148_fu_6076_p2   |     +    |      0|  0|   33|          26|          26|
    |add_ln703_149_fu_6086_p2   |     +    |      0|  0|   27|          27|          27|
    |add_ln703_14_fu_9712_p2    |     +    |      0|  0|   27|          27|          27|
    |add_ln703_150_fu_6092_p2   |     +    |      0|  0|   27|          27|          27|
    |add_ln703_151_fu_9779_p2   |     +    |      0|  0|   27|          27|          27|
    |add_ln703_152_fu_9783_p2   |     +    |      0|  0|   27|          27|          27|
    |add_ln703_153_fu_6098_p2   |     +    |      0|  0|   32|          25|          25|
    |add_ln703_154_fu_6108_p2   |     +    |      0|  0|   33|          26|          26|
    |add_ln703_155_fu_6118_p2   |     +    |      0|  0|   32|          25|          25|
    |add_ln703_156_fu_6128_p2   |     +    |      0|  0|   32|          25|          25|
    |add_ln703_157_fu_6138_p2   |     +    |      0|  0|   33|          26|          26|
    |add_ln703_158_fu_6148_p2   |     +    |      0|  0|   34|          27|          27|
    |add_ln703_159_fu_6154_p2   |     +    |      0|  0|   32|          25|          25|
    |add_ln703_15_fu_9716_p2    |     +    |      0|  0|   27|          27|          27|
    |add_ln703_160_fu_6164_p2   |     +    |      0|  0|   31|          24|          24|
    |add_ln703_161_fu_6174_p2   |     +    |      0|  0|   33|          26|          26|
    |add_ln703_162_fu_6184_p2   |     +    |      0|  0|   31|          24|          24|
    |add_ln703_163_fu_6194_p2   |     +    |      0|  0|   31|          24|          24|
    |add_ln703_164_fu_6204_p2   |     +    |      0|  0|   32|          25|          25|
    |add_ln703_165_fu_6214_p2   |     +    |      0|  0|   27|          27|          27|
    |add_ln703_166_fu_6220_p2   |     +    |      0|  0|   27|          27|          27|
    |add_ln703_167_fu_6226_p2   |     +    |      0|  0|   31|          24|          24|
    |add_ln703_168_fu_6236_p2   |     +    |      0|  0|   31|          24|          24|
    |add_ln703_169_fu_6246_p2   |     +    |      0|  0|   32|          25|          25|
    |add_ln703_16_fu_2490_p2    |     +    |      0|  0|   27|          27|          27|
    |add_ln703_170_fu_6256_p2   |     +    |      0|  0|   32|          25|          25|
    |add_ln703_171_fu_6266_p2   |     +    |      0|  0|   33|          26|          26|
    |add_ln703_172_fu_6276_p2   |     +    |      0|  0|   30|          23|          23|
    |add_ln703_173_fu_6286_p2   |     +    |      0|  0|   30|          23|          23|
    |add_ln703_174_fu_6296_p2   |     +    |      0|  0|   31|          24|          24|
    |add_ln703_175_fu_6310_p2   |     +    |      0|  0|   32|          25|          25|
    |add_ln703_176_fu_6320_p2   |     +    |      0|  0|   34|          27|          27|
    |add_ln703_177_fu_9789_p2   |     +    |      0|  0|   27|          27|          27|
    |add_ln703_179_fu_6844_p2   |     +    |      0|  0|   27|          27|          27|
    |add_ln703_17_fu_2496_p2    |     +    |      0|  0|   27|          27|          27|
    |add_ln703_180_fu_6850_p2   |     +    |      0|  0|   27|          27|          27|
    |add_ln703_181_fu_6856_p2   |     +    |      0|  0|   34|          27|          27|
    |add_ln703_182_fu_6862_p2   |     +    |      0|  0|   34|          27|          27|
    |add_ln703_183_fu_6868_p2   |     +    |      0|  0|   27|          27|          27|
    |add_ln703_184_fu_6874_p2   |     +    |      0|  0|   27|          27|          27|
    |add_ln703_185_fu_6880_p2   |     +    |      0|  0|   34|          27|          27|
    |add_ln703_186_fu_6886_p2   |     +    |      0|  0|   27|          27|          27|
    |add_ln703_187_fu_6892_p2   |     +    |      0|  0|   27|          27|          27|
    |add_ln703_188_fu_6898_p2   |     +    |      0|  0|   27|          27|          27|
    |add_ln703_189_fu_6904_p2   |     +    |      0|  0|   27|          27|          27|
    |add_ln703_18_fu_2502_p2    |     +    |      0|  0|   34|          27|          27|
    |add_ln703_190_fu_9799_p2   |     +    |      0|  0|   27|          27|          27|
    |add_ln703_191_fu_9803_p2   |     +    |      0|  0|   27|          27|          27|
    |add_ln703_192_fu_6910_p2   |     +    |      0|  0|   27|          27|          27|
    |add_ln703_193_fu_6916_p2   |     +    |      0|  0|   27|          27|          27|
    |add_ln703_194_fu_6922_p2   |     +    |      0|  0|   34|          27|          27|
    |add_ln703_195_fu_6928_p2   |     +    |      0|  0|   34|          27|          27|
    |add_ln703_196_fu_6934_p2   |     +    |      0|  0|   27|          27|          27|
    |add_ln703_197_fu_6940_p2   |     +    |      0|  0|   27|          27|          27|
    |add_ln703_198_fu_6946_p2   |     +    |      0|  0|   27|          27|          27|
    |add_ln703_199_fu_6952_p2   |     +    |      0|  0|   33|          26|          26|
    |add_ln703_19_fu_2508_p2    |     +    |      0|  0|   34|          27|          27|
    |add_ln703_1_fu_618_p2      |     +    |      0|  0|   31|          24|          24|
    |add_ln703_200_fu_6962_p2   |     +    |      0|  0|   27|          27|          27|
    |add_ln703_201_fu_6968_p2   |     +    |      0|  0|   33|          26|          26|
    |add_ln703_202_fu_6978_p2   |     +    |      0|  0|   33|          26|          26|
    |add_ln703_203_fu_6988_p2   |     +    |      0|  0|   27|          27|          27|
    |add_ln703_204_fu_6994_p2   |     +    |      0|  0|   27|          27|          27|
    |add_ln703_205_fu_9808_p2   |     +    |      0|  0|   27|          27|          27|
    |add_ln703_206_fu_9812_p2   |     +    |      0|  0|   27|          27|          27|
    |add_ln703_207_fu_7000_p2   |     +    |      0|  0|   33|          26|          26|
    |add_ln703_208_fu_7010_p2   |     +    |      0|  0|   34|          27|          27|
    |add_ln703_209_fu_7016_p2   |     +    |      0|  0|   33|          26|          26|
    |add_ln703_20_fu_2514_p2    |     +    |      0|  0|   27|          27|          27|
    |add_ln703_210_fu_7026_p2   |     +    |      0|  0|   32|          25|          25|
    |add_ln703_211_fu_7036_p2   |     +    |      0|  0|   27|          27|          27|
    |add_ln703_212_fu_7042_p2   |     +    |      0|  0|   27|          27|          27|
    |add_ln703_213_fu_7048_p2   |     +    |      0|  0|   32|          25|          25|
    |add_ln703_214_fu_7058_p2   |     +    |      0|  0|   32|          25|          25|
    |add_ln703_215_fu_7068_p2   |     +    |      0|  0|   33|          26|          26|
    |add_ln703_216_fu_7078_p2   |     +    |      0|  0|   32|          25|          25|
    |add_ln703_217_fu_7088_p2   |     +    |      0|  0|   32|          25|          25|
    |add_ln703_218_fu_7098_p2   |     +    |      0|  0|   33|          26|          26|
    |add_ln703_219_fu_7108_p2   |     +    |      0|  0|   27|          27|          27|
    |add_ln703_21_fu_2520_p2    |     +    |      0|  0|   27|          27|          27|
    |add_ln703_220_fu_7114_p2   |     +    |      0|  0|   27|          27|          27|
    |add_ln703_221_fu_7120_p2   |     +    |      0|  0|   31|          24|          24|
    |add_ln703_222_fu_7130_p2   |     +    |      0|  0|   32|          25|          25|
    |add_ln703_223_fu_7140_p2   |     +    |      0|  0|   31|          24|          24|
    |add_ln703_224_fu_7150_p2   |     +    |      0|  0|   31|          24|          24|
    |add_ln703_225_fu_7160_p2   |     +    |      0|  0|   32|          25|          25|
    |add_ln703_226_fu_7170_p2   |     +    |      0|  0|   33|          26|          26|
    |add_ln703_227_fu_7180_p2   |     +    |      0|  0|   31|          24|          24|
    |add_ln703_228_fu_7190_p2   |     +    |      0|  0|   30|          23|          23|
    |add_ln703_229_fu_7200_p2   |     +    |      0|  0|   32|          25|          25|
    |add_ln703_22_fu_2526_p2    |     +    |      0|  0|   34|          27|          27|
    |add_ln703_230_fu_7210_p2   |     +    |      0|  0|   30|          23|          23|
    |add_ln703_231_fu_7220_p2   |     +    |      0|  0|   30|          23|          23|
    |add_ln703_232_fu_7230_p2   |     +    |      0|  0|   31|          24|          24|
    |add_ln703_233_fu_7240_p2   |     +    |      0|  0|   33|          26|          26|
    |add_ln703_234_fu_7250_p2   |     +    |      0|  0|   34|          27|          27|
    |add_ln703_235_fu_9818_p2   |     +    |      0|  0|   27|          27|          27|
    |add_ln703_237_fu_7288_p2   |     +    |      0|  0|   27|          26|          26|
    |add_ln703_238_fu_7294_p2   |     +    |      0|  0|   27|          26|          26|
    |add_ln703_239_fu_7986_p2   |     +    |      0|  0|   27|          27|          27|
    |add_ln703_23_fu_2532_p2    |     +    |      0|  0|   27|          27|          27|
    |add_ln703_240_fu_7992_p2   |     +    |      0|  0|   27|          27|          27|
    |add_ln703_241_fu_7998_p2   |     +    |      0|  0|   34|          27|          27|
    |add_ln703_242_fu_8004_p2   |     +    |      0|  0|   34|          27|          27|
    |add_ln703_243_fu_8010_p2   |     +    |      0|  0|   27|          27|          27|
    |add_ln703_244_fu_8016_p2   |     +    |      0|  0|   27|          27|          27|
    |add_ln703_245_fu_8022_p2   |     +    |      0|  0|   34|          27|          27|
    |add_ln703_246_fu_8028_p2   |     +    |      0|  0|   27|          27|          27|
    |add_ln703_247_fu_8034_p2   |     +    |      0|  0|   27|          27|          27|
    |add_ln703_248_fu_8040_p2   |     +    |      0|  0|   34|          27|          27|
    |add_ln703_249_fu_8046_p2   |     +    |      0|  0|   27|          27|          27|
    |add_ln703_24_fu_2538_p2    |     +    |      0|  0|   27|          27|          27|
    |add_ln703_250_fu_8052_p2   |     +    |      0|  0|   27|          27|          27|
    |add_ln703_251_fu_9828_p2   |     +    |      0|  0|   27|          27|          27|
    |add_ln703_252_fu_9832_p2   |     +    |      0|  0|   27|          27|          27|
    |add_ln703_253_fu_8058_p2   |     +    |      0|  0|   27|          27|          27|
    |add_ln703_254_fu_8064_p2   |     +    |      0|  0|   27|          27|          27|
    |add_ln703_255_fu_8070_p2   |     +    |      0|  0|   34|          27|          27|
    |add_ln703_256_fu_8076_p2   |     +    |      0|  0|   34|          27|          27|
    |add_ln703_257_fu_8082_p2   |     +    |      0|  0|   27|          27|          27|
    |add_ln703_258_fu_8088_p2   |     +    |      0|  0|   27|          27|          27|
    |add_ln703_259_fu_8094_p2   |     +    |      0|  0|   34|          27|          27|
    |add_ln703_25_fu_2544_p2    |     +    |      0|  0|   33|          26|          26|
    |add_ln703_260_fu_8100_p2   |     +    |      0|  0|   27|          27|          27|
    |add_ln703_261_fu_8106_p2   |     +    |      0|  0|   27|          27|          27|
    |add_ln703_262_fu_8112_p2   |     +    |      0|  0|   34|          27|          27|
    |add_ln703_263_fu_8118_p2   |     +    |      0|  0|   33|          26|          26|
    |add_ln703_264_fu_8128_p2   |     +    |      0|  0|   27|          27|          27|
    |add_ln703_265_fu_8134_p2   |     +    |      0|  0|   27|          27|          27|
    |add_ln703_266_fu_9837_p2   |     +    |      0|  0|   27|          27|          27|
    |add_ln703_267_fu_9841_p2   |     +    |      0|  0|   27|          27|          27|
    |add_ln703_268_fu_8140_p2   |     +    |      0|  0|   33|          26|          26|
    |add_ln703_269_fu_8150_p2   |     +    |      0|  0|   34|          27|          27|
    |add_ln703_26_fu_2554_p2    |     +    |      0|  0|   33|          26|          26|
    |add_ln703_270_fu_8156_p2   |     +    |      0|  0|   33|          26|          26|
    |add_ln703_271_fu_8166_p2   |     +    |      0|  0|   32|          25|          25|
    |add_ln703_272_fu_8176_p2   |     +    |      0|  0|   27|          27|          27|
    |add_ln703_273_fu_8182_p2   |     +    |      0|  0|   27|          27|          27|
    |add_ln703_274_fu_8188_p2   |     +    |      0|  0|   32|          25|          25|
    |add_ln703_275_fu_8198_p2   |     +    |      0|  0|   32|          25|          25|
    |add_ln703_276_fu_8208_p2   |     +    |      0|  0|   33|          26|          26|
    |add_ln703_277_fu_8218_p2   |     +    |      0|  0|   32|          25|          25|
    |add_ln703_278_fu_8228_p2   |     +    |      0|  0|   33|          26|          26|
    |add_ln703_279_fu_8238_p2   |     +    |      0|  0|   27|          27|          27|
    |add_ln703_27_fu_2564_p2    |     +    |      0|  0|   27|          27|          27|
    |add_ln703_280_fu_8244_p2   |     +    |      0|  0|   27|          27|          27|
    |add_ln703_281_fu_8250_p2   |     +    |      0|  0|   33|          26|          26|
    |add_ln703_282_fu_8260_p2   |     +    |      0|  0|   31|          24|          24|
    |add_ln703_283_fu_8270_p2   |     +    |      0|  0|   32|          25|          25|
    |add_ln703_284_fu_8280_p2   |     +    |      0|  0|   27|          27|          27|
    |add_ln703_285_fu_8286_p2   |     +    |      0|  0|   27|          27|          27|
    |add_ln703_286_fu_9847_p2   |     +    |      0|  0|   27|          27|          27|
    |add_ln703_288_fu_8690_p2   |     +    |      0|  0|   27|          27|          27|
    |add_ln703_289_fu_8696_p2   |     +    |      0|  0|   27|          27|          27|
    |add_ln703_28_fu_2570_p2    |     +    |      0|  0|   27|          27|          27|
    |add_ln703_290_fu_8702_p2   |     +    |      0|  0|   34|          27|          27|
    |add_ln703_291_fu_8708_p2   |     +    |      0|  0|   34|          27|          27|
    |add_ln703_292_fu_8714_p2   |     +    |      0|  0|   27|          27|          27|
    |add_ln703_293_fu_8720_p2   |     +    |      0|  0|   27|          27|          27|
    |add_ln703_294_fu_8726_p2   |     +    |      0|  0|   34|          27|          27|
    |add_ln703_295_fu_8732_p2   |     +    |      0|  0|   27|          27|          27|
    |add_ln703_296_fu_8738_p2   |     +    |      0|  0|   27|          27|          27|
    |add_ln703_297_fu_8744_p2   |     +    |      0|  0|   34|          27|          27|
    |add_ln703_298_fu_8750_p2   |     +    |      0|  0|   27|          27|          27|
    |add_ln703_299_fu_8756_p2   |     +    |      0|  0|   27|          27|          27|
    |add_ln703_29_fu_9721_p2    |     +    |      0|  0|   27|          27|          27|
    |add_ln703_2_fu_2418_p2     |     +    |      0|  0|   27|          27|          27|
    |add_ln703_300_fu_9857_p2   |     +    |      0|  0|   27|          27|          27|
    |add_ln703_301_fu_9861_p2   |     +    |      0|  0|   27|          27|          27|
    |add_ln703_302_fu_8762_p2   |     +    |      0|  0|   27|          27|          27|
    |add_ln703_303_fu_8768_p2   |     +    |      0|  0|   27|          27|          27|
    |add_ln703_304_fu_8774_p2   |     +    |      0|  0|   34|          27|          27|
    |add_ln703_305_fu_8780_p2   |     +    |      0|  0|   34|          27|          27|
    |add_ln703_306_fu_8786_p2   |     +    |      0|  0|   27|          27|          27|
    |add_ln703_307_fu_8792_p2   |     +    |      0|  0|   27|          27|          27|
    |add_ln703_308_fu_8798_p2   |     +    |      0|  0|   34|          27|          27|
    |add_ln703_309_fu_8804_p2   |     +    |      0|  0|   27|          27|          27|
    |add_ln703_30_fu_9725_p2    |     +    |      0|  0|   27|          27|          27|
    |add_ln703_310_fu_8810_p2   |     +    |      0|  0|   27|          27|          27|
    |add_ln703_311_fu_8816_p2   |     +    |      0|  0|   34|          27|          27|
    |add_ln703_312_fu_8822_p2   |     +    |      0|  0|   33|          26|          26|
    |add_ln703_313_fu_8832_p2   |     +    |      0|  0|   27|          27|          27|
    |add_ln703_314_fu_8838_p2   |     +    |      0|  0|   27|          27|          27|
    |add_ln703_315_fu_9866_p2   |     +    |      0|  0|   27|          27|          27|
    |add_ln703_316_fu_9870_p2   |     +    |      0|  0|   27|          27|          27|
    |add_ln703_317_fu_8844_p2   |     +    |      0|  0|   33|          26|          26|
    |add_ln703_318_fu_8854_p2   |     +    |      0|  0|   34|          27|          27|
    |add_ln703_319_fu_8860_p2   |     +    |      0|  0|   33|          26|          26|
    |add_ln703_31_fu_2576_p2    |     +    |      0|  0|   33|          26|          26|
    |add_ln703_320_fu_8870_p2   |     +    |      0|  0|   27|          27|          27|
    |add_ln703_321_fu_8876_p2   |     +    |      0|  0|   27|          27|          27|
    |add_ln703_322_fu_8882_p2   |     +    |      0|  0|   32|          25|          25|
    |add_ln703_323_fu_8892_p2   |     +    |      0|  0|   33|          26|          26|
    |add_ln703_324_fu_8902_p2   |     +    |      0|  0|   27|          27|          27|
    |add_ln703_325_fu_8908_p2   |     +    |      0|  0|   27|          27|          27|
    |add_ln703_326_fu_8914_p2   |     +    |      0|  0|   32|          25|          25|
    |add_ln703_327_fu_8924_p2   |     +    |      0|  0|   33|          26|          26|
    |add_ln703_328_fu_8934_p2   |     +    |      0|  0|   34|          27|          27|
    |add_ln703_329_fu_9876_p2   |     +    |      0|  0|   27|          27|          27|
    |add_ln703_32_fu_2586_p2    |     +    |      0|  0|   34|          27|          27|
    |add_ln703_331_fu_9350_p2   |     +    |      0|  0|   27|          27|          27|
    |add_ln703_332_fu_9356_p2   |     +    |      0|  0|   27|          27|          27|
    |add_ln703_333_fu_9362_p2   |     +    |      0|  0|   34|          27|          27|
    |add_ln703_334_fu_9368_p2   |     +    |      0|  0|   34|          27|          27|
    |add_ln703_335_fu_9374_p2   |     +    |      0|  0|   27|          27|          27|
    |add_ln703_336_fu_9380_p2   |     +    |      0|  0|   27|          27|          27|
    |add_ln703_337_fu_9386_p2   |     +    |      0|  0|   34|          27|          27|
    |add_ln703_338_fu_9392_p2   |     +    |      0|  0|   27|          27|          27|
    |add_ln703_339_fu_9398_p2   |     +    |      0|  0|   27|          27|          27|
    |add_ln703_33_fu_2592_p2    |     +    |      0|  0|   33|          26|          26|
    |add_ln703_340_fu_9404_p2   |     +    |      0|  0|   34|          27|          27|
    |add_ln703_341_fu_9410_p2   |     +    |      0|  0|   27|          27|          27|
    |add_ln703_342_fu_9416_p2   |     +    |      0|  0|   27|          27|          27|
    |add_ln703_343_fu_9886_p2   |     +    |      0|  0|   27|          27|          27|
    |add_ln703_344_fu_9890_p2   |     +    |      0|  0|   27|          27|          27|
    |add_ln703_345_fu_9422_p2   |     +    |      0|  0|   34|          27|          27|
    |add_ln703_346_fu_9428_p2   |     +    |      0|  0|   27|          27|          27|
    |add_ln703_347_fu_9434_p2   |     +    |      0|  0|   27|          27|          27|
    |add_ln703_348_fu_9440_p2   |     +    |      0|  0|   33|          26|          26|
    |add_ln703_349_fu_9450_p2   |     +    |      0|  0|   33|          26|          26|
    |add_ln703_34_fu_2602_p2    |     +    |      0|  0|   32|          25|          25|
    |add_ln703_350_fu_9460_p2   |     +    |      0|  0|   27|          27|          27|
    |add_ln703_351_fu_9466_p2   |     +    |      0|  0|   27|          27|          27|
    |add_ln703_352_fu_9472_p2   |     +    |      0|  0|   33|          26|          26|
    |add_ln703_353_fu_9482_p2   |     +    |      0|  0|   33|          26|          26|
    |add_ln703_354_fu_9492_p2   |     +    |      0|  0|   34|          27|          27|
    |add_ln703_355_fu_9498_p2   |     +    |      0|  0|   33|          26|          26|
    |add_ln703_356_fu_9508_p2   |     +    |      0|  0|   33|          26|          26|
    |add_ln703_357_fu_9518_p2   |     +    |      0|  0|   27|          27|          27|
    |add_ln703_358_fu_9524_p2   |     +    |      0|  0|   27|          27|          27|
    |add_ln703_359_fu_9895_p2   |     +    |      0|  0|   27|          27|          27|
    |add_ln703_35_fu_2612_p2    |     +    |      0|  0|   27|          27|          27|
    |add_ln703_360_fu_9899_p2   |     +    |      0|  0|   27|          27|          27|
    |add_ln703_361_fu_9530_p2   |     +    |      0|  0|   33|          26|          26|
    |add_ln703_362_fu_9540_p2   |     +    |      0|  0|   27|          27|          27|
    |add_ln703_363_fu_9550_p2   |     +    |      0|  0|   33|          26|          26|
    |add_ln703_364_fu_9560_p2   |     +    |      0|  0|   27|          27|          27|
    |add_ln703_365_fu_9566_p2   |     +    |      0|  0|   33|          26|          26|
    |add_ln703_366_fu_9576_p2   |     +    |      0|  0|   32|          25|          25|
    |add_ln703_367_fu_9586_p2   |     +    |      0|  0|   32|          25|          25|
    |add_ln703_368_fu_9596_p2   |     +    |      0|  0|   33|          26|          26|
    |add_ln703_369_fu_9606_p2   |     +    |      0|  0|   27|          27|          27|
    |add_ln703_36_fu_2618_p2    |     +    |      0|  0|   27|          27|          27|
    |add_ln703_370_fu_9612_p2   |     +    |      0|  0|   27|          27|          27|
    |add_ln703_371_fu_9618_p2   |     +    |      0|  0|   31|          24|          24|
    |add_ln703_372_fu_9628_p2   |     +    |      0|  0|   32|          25|          25|
    |add_ln703_373_fu_9638_p2   |     +    |      0|  0|   31|          24|          24|
    |add_ln703_374_fu_9648_p2   |     +    |      0|  0|   32|          25|          25|
    |add_ln703_375_fu_9658_p2   |     +    |      0|  0|   33|          26|          26|
    |add_ln703_376_fu_9668_p2   |     +    |      0|  0|   30|          23|          23|
    |add_ln703_377_fu_9682_p2   |     +    |      0|  0|   31|          24|          24|
    |add_ln703_378_fu_9696_p2   |     +    |      0|  0|   32|          25|          25|
    |add_ln703_379_fu_9706_p2   |     +    |      0|  0|   34|          27|          27|
    |add_ln703_37_fu_2624_p2    |     +    |      0|  0|   32|          25|          25|
    |add_ln703_380_fu_9905_p2   |     +    |      0|  0|   27|          27|          27|
    |add_ln703_38_fu_2634_p2    |     +    |      0|  0|   32|          25|          25|
    |add_ln703_39_fu_2644_p2    |     +    |      0|  0|   33|          26|          26|
    |add_ln703_3_fu_2424_p2     |     +    |      0|  0|   27|          27|          27|
    |add_ln703_40_fu_2654_p2    |     +    |      0|  0|   32|          25|          25|
    |add_ln703_41_fu_2664_p2    |     +    |      0|  0|   31|          24|          24|
    |add_ln703_42_fu_2674_p2    |     +    |      0|  0|   33|          26|          26|
    |add_ln703_43_fu_2684_p2    |     +    |      0|  0|   27|          27|          27|
    |add_ln703_44_fu_2690_p2    |     +    |      0|  0|   27|          27|          27|
    |add_ln703_45_fu_2696_p2    |     +    |      0|  0|   31|          24|          24|
    |add_ln703_46_fu_2706_p2    |     +    |      0|  0|   31|          24|          24|
    |add_ln703_47_fu_2716_p2    |     +    |      0|  0|   32|          25|          25|
    |add_ln703_48_fu_2726_p2    |     +    |      0|  0|   31|          24|          24|
    |add_ln703_49_fu_2736_p2    |     +    |      0|  0|   31|          24|          24|
    |add_ln703_4_fu_2430_p2     |     +    |      0|  0|   34|          27|          27|
    |add_ln703_50_fu_2746_p2    |     +    |      0|  0|   32|          25|          25|
    |add_ln703_51_fu_2756_p2    |     +    |      0|  0|   33|          26|          26|
    |add_ln703_52_fu_2766_p2    |     +    |      0|  0|   31|          24|          24|
    |add_ln703_53_fu_2776_p2    |     +    |      0|  0|   30|          23|          23|
    |add_ln703_54_fu_2786_p2    |     +    |      0|  0|   32|          25|          25|
    |add_ln703_55_fu_2796_p2    |     +    |      0|  0|   30|          23|          23|
    |add_ln703_56_fu_2806_p2    |     +    |      0|  0|   30|          23|          23|
    |add_ln703_57_fu_2816_p2    |     +    |      0|  0|   31|          24|          24|
    |add_ln703_58_fu_2826_p2    |     +    |      0|  0|   33|          26|          26|
    |add_ln703_59_fu_2836_p2    |     +    |      0|  0|   34|          27|          27|
    |add_ln703_5_fu_2436_p2     |     +    |      0|  0|   34|          27|          27|
    |add_ln703_60_fu_9731_p2    |     +    |      0|  0|   27|          27|          27|
    |add_ln703_62_fu_2866_p2    |     +    |      0|  0|   31|          24|          16|
    |add_ln703_63_fu_2942_p2    |     +    |      0|  0|   27|          25|          25|
    |add_ln703_64_fu_2948_p2    |     +    |      0|  0|   27|          25|          25|
    |add_ln703_65_fu_4506_p2    |     +    |      0|  0|   27|          27|          27|
    |add_ln703_66_fu_4512_p2    |     +    |      0|  0|   27|          27|          27|
    |add_ln703_67_fu_4518_p2    |     +    |      0|  0|   34|          27|          27|
    |add_ln703_68_fu_4524_p2    |     +    |      0|  0|   34|          27|          27|
    |add_ln703_69_fu_4530_p2    |     +    |      0|  0|   27|          27|          27|
    |add_ln703_6_fu_2442_p2     |     +    |      0|  0|   27|          27|          27|
    |add_ln703_70_fu_4536_p2    |     +    |      0|  0|   27|          27|          27|
    |add_ln703_71_fu_4542_p2    |     +    |      0|  0|   34|          27|          27|
    |add_ln703_72_fu_4548_p2    |     +    |      0|  0|   27|          27|          27|
    |add_ln703_73_fu_4554_p2    |     +    |      0|  0|   27|          27|          27|
    |add_ln703_74_fu_4560_p2    |     +    |      0|  0|   34|          27|          27|
    |add_ln703_75_fu_4566_p2    |     +    |      0|  0|   27|          27|          27|
    |add_ln703_76_fu_4572_p2    |     +    |      0|  0|   27|          27|          27|
    |add_ln703_77_fu_9741_p2    |     +    |      0|  0|   27|          27|          27|
    |add_ln703_78_fu_9745_p2    |     +    |      0|  0|   27|          27|          27|
    |add_ln703_79_fu_4578_p2    |     +    |      0|  0|   27|          27|          27|
    |add_ln703_7_fu_2448_p2     |     +    |      0|  0|   27|          27|          27|
    |add_ln703_80_fu_4584_p2    |     +    |      0|  0|   27|          27|          27|
    |add_ln703_81_fu_4590_p2    |     +    |      0|  0|   34|          27|          27|
    |add_ln703_82_fu_4596_p2    |     +    |      0|  0|   34|          27|          27|
    |add_ln703_83_fu_4602_p2    |     +    |      0|  0|   27|          27|          27|
    |add_ln703_84_fu_4608_p2    |     +    |      0|  0|   27|          27|          27|
    |add_ln703_85_fu_4614_p2    |     +    |      0|  0|   27|          27|          27|
    |add_ln703_86_fu_4620_p2    |     +    |      0|  0|   33|          26|          26|
    |add_ln703_87_fu_4630_p2    |     +    |      0|  0|   27|          27|          27|
    |add_ln703_88_fu_4636_p2    |     +    |      0|  0|   33|          26|          26|
    |add_ln703_89_fu_4646_p2    |     +    |      0|  0|   33|          26|          26|
    |add_ln703_8_fu_2454_p2     |     +    |      0|  0|   34|          27|          27|
    |add_ln703_90_fu_4656_p2    |     +    |      0|  0|   27|          27|          27|
    |add_ln703_91_fu_4662_p2    |     +    |      0|  0|   27|          27|          27|
    |add_ln703_92_fu_9750_p2    |     +    |      0|  0|   27|          27|          27|
    |add_ln703_93_fu_9754_p2    |     +    |      0|  0|   27|          27|          27|
    |add_ln703_94_fu_4668_p2    |     +    |      0|  0|   33|          26|          26|
    |add_ln703_95_fu_4678_p2    |     +    |      0|  0|   27|          27|          27|
    |add_ln703_96_fu_4684_p2    |     +    |      0|  0|   32|          25|          25|
    |add_ln703_97_fu_4694_p2    |     +    |      0|  0|   32|          25|          25|
    |add_ln703_98_fu_4704_p2    |     +    |      0|  0|   33|          26|          26|
    |add_ln703_99_fu_4714_p2    |     +    |      0|  0|   27|          27|          27|
    |add_ln703_9_fu_2460_p2     |     +    |      0|  0|   27|          27|          27|
    |add_ln703_fu_590_p2        |     +    |      0|  0|   30|          23|          17|
    |sub_ln1118_100_fu_5580_p2  |     -    |      0|  0|   38|          31|          31|
    |sub_ln1118_101_fu_5646_p2  |     -    |      0|  0|   37|           1|          30|
    |sub_ln1118_102_fu_5712_p2  |     -    |      0|  0|   27|           1|          30|
    |sub_ln1118_103_fu_5718_p2  |     -    |      0|  0|   27|          30|          30|
    |sub_ln1118_104_fu_5806_p2  |     -    |      0|  0|   38|          31|          31|
    |sub_ln1118_105_fu_5838_p2  |     -    |      0|  0|   37|           1|          30|
    |sub_ln1118_106_fu_6338_p2  |     -    |      0|  0|   39|          32|          32|
    |sub_ln1118_107_fu_6476_p2  |     -    |      0|  0|   37|           1|          30|
    |sub_ln1118_108_fu_6482_p2  |     -    |      0|  0|   37|          30|          30|
    |sub_ln1118_109_fu_6526_p2  |     -    |      0|  0|   38|          31|          31|
    |sub_ln1118_10_fu_1172_p2   |     -    |      0|  0|   38|          31|          31|
    |sub_ln1118_110_fu_6592_p2  |     -    |      0|  0|   37|          30|          30|
    |sub_ln1118_111_fu_6612_p2  |     -    |      0|  0|   38|          31|          31|
    |sub_ln1118_112_fu_6652_p2  |     -    |      0|  0|   37|          30|          30|
    |sub_ln1118_113_fu_6700_p2  |     -    |      0|  0|   37|          30|          30|
    |sub_ln1118_114_fu_6720_p2  |     -    |      0|  0|   38|          31|          31|
    |sub_ln1118_115_fu_6792_p2  |     -    |      0|  0|   38|          31|          31|
    |sub_ln1118_116_fu_6824_p2  |     -    |      0|  0|   38|          31|          31|
    |sub_ln1118_117_fu_7320_p2  |     -    |      0|  0|   37|          30|          30|
    |sub_ln1118_118_fu_7420_p2  |     -    |      0|  0|   39|          32|          32|
    |sub_ln1118_119_fu_7470_p2  |     -    |      0|  0|   38|          31|          31|
    |sub_ln1118_11_fu_1224_p2   |     -    |      0|  0|   38|          31|          31|
    |sub_ln1118_120_fu_7502_p2  |     -    |      0|  0|   36|           1|          29|
    |sub_ln1118_121_fu_7522_p2  |     -    |      0|  0|   37|          30|          30|
    |sub_ln1118_122_fu_7542_p2  |     -    |      0|  0|   38|          31|          31|
    |sub_ln1118_123_fu_7574_p2  |     -    |      0|  0|   38|           1|          31|
    |sub_ln1118_124_fu_7606_p2  |     -    |      0|  0|   37|           1|          30|
    |sub_ln1118_125_fu_7638_p2  |     -    |      0|  0|   36|           1|          29|
    |sub_ln1118_126_fu_7690_p2  |     -    |      0|  0|   37|           1|          30|
    |sub_ln1118_127_fu_7744_p2  |     -    |      0|  0|   27|           1|          31|
    |sub_ln1118_128_fu_7750_p2  |     -    |      0|  0|   27|          31|          31|
    |sub_ln1118_129_fu_7770_p2  |     -    |      0|  0|   38|          31|          31|
    |sub_ln1118_12_fu_1262_p2   |     -    |      0|  0|   35|           1|          28|
    |sub_ln1118_130_fu_7790_p2  |     -    |      0|  0|   27|           1|          31|
    |sub_ln1118_131_fu_7796_p2  |     -    |      0|  0|   27|          31|          31|
    |sub_ln1118_132_fu_7816_p2  |     -    |      0|  0|   38|          31|          31|
    |sub_ln1118_133_fu_7860_p2  |     -    |      0|  0|   39|          32|          32|
    |sub_ln1118_134_fu_7876_p2  |     -    |      0|  0|   38|           1|          31|
    |sub_ln1118_135_fu_7882_p2  |     -    |      0|  0|   38|          31|          31|
    |sub_ln1118_136_fu_7914_p2  |     -    |      0|  0|   39|          32|          32|
    |sub_ln1118_137_fu_7930_p2  |     -    |      0|  0|   38|          31|          31|
    |sub_ln1118_138_fu_7950_p2  |     -    |      0|  0|   38|          31|          31|
    |sub_ln1118_139_fu_8328_p2  |     -    |      0|  0|   27|           1|          32|
    |sub_ln1118_13_fu_1324_p2   |     -    |      0|  0|   38|          31|          31|
    |sub_ln1118_140_fu_8334_p2  |     -    |      0|  0|   27|          32|          32|
    |sub_ln1118_141_fu_8366_p2  |     -    |      0|  0|   38|          31|          31|
    |sub_ln1118_142_fu_8386_p2  |     -    |      0|  0|   38|          31|          31|
    |sub_ln1118_143_fu_8406_p2  |     -    |      0|  0|   27|           1|          31|
    |sub_ln1118_144_fu_8412_p2  |     -    |      0|  0|   27|          31|          31|
    |sub_ln1118_145_fu_8472_p2  |     -    |      0|  0|   38|          31|          31|
    |sub_ln1118_146_fu_8598_p2  |     -    |      0|  0|   38|          31|          31|
    |sub_ln1118_147_fu_8618_p2  |     -    |      0|  0|   38|          31|          31|
    |sub_ln1118_148_fu_8670_p2  |     -    |      0|  0|   37|           1|          30|
    |sub_ln1118_149_fu_8940_p2  |     -    |      0|  0|   27|           1|          30|
    |sub_ln1118_14_fu_1388_p2   |     -    |      0|  0|   35|           1|          28|
    |sub_ln1118_150_fu_8946_p2  |     -    |      0|  0|   27|          30|          30|
    |sub_ln1118_151_fu_8978_p2  |     -    |      0|  0|   27|           1|          30|
    |sub_ln1118_152_fu_8984_p2  |     -    |      0|  0|   27|          30|          30|
    |sub_ln1118_153_fu_9030_p2  |     -    |      0|  0|   37|           1|          30|
    |sub_ln1118_154_fu_9122_p2  |     -    |      0|  0|   38|          31|          31|
    |sub_ln1118_155_fu_9154_p2  |     -    |      0|  0|   38|          31|          31|
    |sub_ln1118_156_fu_9174_p2  |     -    |      0|  0|   37|          30|          30|
    |sub_ln1118_157_fu_9194_p2  |     -    |      0|  0|   38|          31|          31|
    |sub_ln1118_158_fu_9226_p2  |     -    |      0|  0|   37|           1|          30|
    |sub_ln1118_159_fu_9310_p2  |     -    |      0|  0|   38|          31|          31|
    |sub_ln1118_15_fu_1452_p2   |     -    |      0|  0|   36|           1|          29|
    |sub_ln1118_160_fu_744_p2   |     -    |      0|  0|   37|          30|          30|
    |sub_ln1118_161_fu_1364_p2  |     -    |      0|  0|   38|          31|          31|
    |sub_ln1118_162_fu_3324_p2  |     -    |      0|  0|   38|          31|          31|
    |sub_ln1118_163_fu_3684_p2  |     -    |      0|  0|   37|          30|          30|
    |sub_ln1118_164_fu_5464_p2  |     -    |      0|  0|   37|          30|          30|
    |sub_ln1118_165_fu_5548_p2  |     -    |      0|  0|   37|          30|          30|
    |sub_ln1118_166_fu_5600_p2  |     -    |      0|  0|   37|          30|          30|
    |sub_ln1118_167_fu_6354_p2  |     -    |      0|  0|   37|          30|          30|
    |sub_ln1118_168_fu_6388_p2  |     -    |      0|  0|   38|          31|          31|
    |sub_ln1118_169_fu_6444_p2  |     -    |      0|  0|   38|          31|          31|
    |sub_ln1118_16_fu_1488_p2   |     -    |      0|  0|   36|           1|          29|
    |sub_ln1118_170_fu_6546_p2  |     -    |      0|  0|   38|          31|          31|
    |sub_ln1118_171_fu_6632_p2  |     -    |      0|  0|   38|          31|          31|
    |sub_ln1118_172_fu_6740_p2  |     -    |      0|  0|   38|          31|          31|
    |sub_ln1118_173_fu_7268_p2  |     -    |      0|  0|   37|          30|          30|
    |sub_ln1118_174_fu_7304_p2  |     -    |      0|  0|   39|          32|          32|
    |sub_ln1118_175_fu_7380_p2  |     -    |      0|  0|   39|          32|          32|
    |sub_ln1118_176_fu_7450_p2  |     -    |      0|  0|   38|          31|          31|
    |sub_ln1118_177_fu_7658_p2  |     -    |      0|  0|   38|          31|          31|
    |sub_ln1118_178_fu_7724_p2  |     -    |      0|  0|   38|          31|          31|
    |sub_ln1118_179_fu_8308_p2  |     -    |      0|  0|   38|          31|          31|
    |sub_ln1118_17_fu_1552_p2   |     -    |      0|  0|   37|           1|          30|
    |sub_ln1118_180_fu_8432_p2  |     -    |      0|  0|   37|          30|          30|
    |sub_ln1118_181_fu_8452_p2  |     -    |      0|  0|   38|          31|          31|
    |sub_ln1118_182_fu_8504_p2  |     -    |      0|  0|   37|          30|          30|
    |sub_ln1118_183_fu_8538_p2  |     -    |      0|  0|   39|          32|          32|
    |sub_ln1118_184_fu_8638_p2  |     -    |      0|  0|   38|          31|          31|
    |sub_ln1118_185_fu_9050_p2  |     -    |      0|  0|   38|          31|          31|
    |sub_ln1118_186_fu_9090_p2  |     -    |      0|  0|   37|          30|          30|
    |sub_ln1118_187_fu_9330_p2  |     -    |      0|  0|   38|          31|          31|
    |sub_ln1118_18_fu_1602_p2   |     -    |      0|  0|   27|           1|          30|
    |sub_ln1118_19_fu_1608_p2   |     -    |      0|  0|   27|          30|          30|
    |sub_ln1118_1_fu_704_p2     |     -    |      0|  0|   38|          31|          31|
    |sub_ln1118_20_fu_1674_p2   |     -    |      0|  0|   38|          31|          31|
    |sub_ln1118_21_fu_1710_p2   |     -    |      0|  0|   37|           1|          30|
    |sub_ln1118_22_fu_1760_p2   |     -    |      0|  0|   36|           1|          29|
    |sub_ln1118_23_fu_1846_p2   |     -    |      0|  0|   37|           1|          30|
    |sub_ln1118_24_fu_1898_p2   |     -    |      0|  0|   35|           1|          28|
    |sub_ln1118_25_fu_1960_p2   |     -    |      0|  0|   38|          31|          31|
    |sub_ln1118_26_fu_2032_p2   |     -    |      0|  0|   38|          31|          31|
    |sub_ln1118_27_fu_2084_p2   |     -    |      0|  0|   38|          31|          31|
    |sub_ln1118_28_fu_2152_p2   |     -    |      0|  0|   38|          31|          31|
    |sub_ln1118_29_fu_2204_p2   |     -    |      0|  0|   38|          31|          31|
    |sub_ln1118_2_fu_780_p2     |     -    |      0|  0|   39|          32|          32|
    |sub_ln1118_30_fu_2264_p2   |     -    |      0|  0|   38|          31|          31|
    |sub_ln1118_31_fu_2316_p2   |     -    |      0|  0|   38|          31|          31|
    |sub_ln1118_32_fu_2846_p2   |     -    |      0|  0|   35|           1|          28|
    |sub_ln1118_33_fu_2900_p2   |     -    |      0|  0|   36|           1|          29|
    |sub_ln1118_34_fu_2970_p2   |     -    |      0|  0|   27|           1|          31|
    |sub_ln1118_35_fu_2992_p2   |     -    |      0|  0|   27|          31|          31|
    |sub_ln1118_36_fu_3024_p2   |     -    |      0|  0|   37|           1|          30|
    |sub_ln1118_37_fu_3044_p2   |     -    |      0|  0|   37|          30|          30|
    |sub_ln1118_38_fu_3104_p2   |     -    |      0|  0|   36|           1|          29|
    |sub_ln1118_39_fu_3124_p2   |     -    |      0|  0|   37|          30|          30|
    |sub_ln1118_3_fu_826_p2     |     -    |      0|  0|   37|           1|          30|
    |sub_ln1118_40_fu_3144_p2   |     -    |      0|  0|   27|           1|          31|
    |sub_ln1118_41_fu_3162_p2   |     -    |      0|  0|   27|          31|          31|
    |sub_ln1118_42_fu_3200_p2   |     -    |      0|  0|   27|           1|          31|
    |sub_ln1118_43_fu_3218_p2   |     -    |      0|  0|   27|          31|          31|
    |sub_ln1118_44_fu_3264_p2   |     -    |      0|  0|   38|           1|          31|
    |sub_ln1118_45_fu_3270_p2   |     -    |      0|  0|   38|          31|          31|
    |sub_ln1118_46_fu_3344_p2   |     -    |      0|  0|   37|           1|          30|
    |sub_ln1118_47_fu_3364_p2   |     -    |      0|  0|   38|          31|          31|
    |sub_ln1118_48_fu_3396_p2   |     -    |      0|  0|   36|           1|          29|
    |sub_ln1118_49_fu_3432_p2   |     -    |      0|  0|   37|           1|          30|
    |sub_ln1118_4_fu_890_p2     |     -    |      0|  0|   35|           1|          28|
    |sub_ln1118_50_fu_3468_p2   |     -    |      0|  0|   37|           1|          30|
    |sub_ln1118_51_fu_3488_p2   |     -    |      0|  0|   38|          31|          31|
    |sub_ln1118_52_fu_3512_p2   |     -    |      0|  0|   35|           1|          28|
    |sub_ln1118_53_fu_3562_p2   |     -    |      0|  0|   36|           1|          29|
    |sub_ln1118_54_fu_3582_p2   |     -    |      0|  0|   38|           1|          31|
    |sub_ln1118_55_fu_3602_p2   |     -    |      0|  0|   38|          31|          31|
    |sub_ln1118_56_fu_3648_p2   |     -    |      0|  0|   36|           1|          29|
    |sub_ln1118_57_fu_3748_p2   |     -    |      0|  0|   36|           1|          29|
    |sub_ln1118_58_fu_3784_p2   |     -    |      0|  0|   27|           1|          30|
    |sub_ln1118_59_fu_3790_p2   |     -    |      0|  0|   27|          30|          30|
    |sub_ln1118_5_fu_926_p2     |     -    |      0|  0|   38|          31|          31|
    |sub_ln1118_60_fu_3840_p2   |     -    |      0|  0|   36|           1|          29|
    |sub_ln1118_61_fu_3882_p2   |     -    |      0|  0|   35|           1|          28|
    |sub_ln1118_62_fu_3902_p2   |     -    |      0|  0|   38|          31|          31|
    |sub_ln1118_63_fu_3940_p2   |     -    |      0|  0|   35|           1|          28|
    |sub_ln1118_64_fu_3978_p2   |     -    |      0|  0|   35|           1|          28|
    |sub_ln1118_65_fu_3998_p2   |     -    |      0|  0|   38|           1|          31|
    |sub_ln1118_66_fu_4036_p2   |     -    |      0|  0|   35|           1|          28|
    |sub_ln1118_67_fu_4084_p2   |     -    |      0|  0|   38|          31|          31|
    |sub_ln1118_68_fu_4122_p2   |     -    |      0|  0|   35|           1|          28|
    |sub_ln1118_69_fu_4142_p2   |     -    |      0|  0|   38|          31|          31|
    |sub_ln1118_6_fu_950_p2     |     -    |      0|  0|   35|           1|          28|
    |sub_ln1118_70_fu_4186_p2   |     -    |      0|  0|   39|          32|          32|
    |sub_ln1118_71_fu_4214_p2   |     -    |      0|  0|   37|           1|          30|
    |sub_ln1118_72_fu_4220_p2   |     -    |      0|  0|   37|          30|          30|
    |sub_ln1118_73_fu_4240_p2   |     -    |      0|  0|   38|          31|          31|
    |sub_ln1118_74_fu_4272_p2   |     -    |      0|  0|   38|           1|          31|
    |sub_ln1118_75_fu_4278_p2   |     -    |      0|  0|   38|          31|          31|
    |sub_ln1118_76_fu_4298_p2   |     -    |      0|  0|   38|          31|          31|
    |sub_ln1118_77_fu_4318_p2   |     -    |      0|  0|   38|          31|          31|
    |sub_ln1118_78_fu_4350_p2   |     -    |      0|  0|   38|           1|          31|
    |sub_ln1118_79_fu_4370_p2   |     -    |      0|  0|   27|           1|          31|
    |sub_ln1118_7_fu_998_p2     |     -    |      0|  0|   35|           1|          28|
    |sub_ln1118_80_fu_4376_p2   |     -    |      0|  0|   27|          31|          31|
    |sub_ln1118_81_fu_4422_p2   |     -    |      0|  0|   38|           1|          31|
    |sub_ln1118_82_fu_4428_p2   |     -    |      0|  0|   38|          31|          31|
    |sub_ln1118_83_fu_4448_p2   |     -    |      0|  0|   38|           1|          31|
    |sub_ln1118_84_fu_4454_p2   |     -    |      0|  0|   38|          31|          31|
    |sub_ln1118_85_fu_4486_p2   |     -    |      0|  0|   36|           1|          29|
    |sub_ln1118_86_fu_4988_p2   |     -    |      0|  0|   35|           1|          28|
    |sub_ln1118_87_fu_5064_p2   |     -    |      0|  0|   38|          31|          31|
    |sub_ln1118_88_fu_5096_p2   |     -    |      0|  0|   36|           1|          29|
    |sub_ln1118_89_fu_5130_p2   |     -    |      0|  0|   38|          31|          31|
    |sub_ln1118_8_fu_1052_p2    |     -    |      0|  0|   37|          30|          30|
    |sub_ln1118_90_fu_5162_p2   |     -    |      0|  0|   38|          31|          31|
    |sub_ln1118_91_fu_5208_p2   |     -    |      0|  0|   37|           1|          30|
    |sub_ln1118_92_fu_5268_p2   |     -    |      0|  0|   27|           1|          30|
    |sub_ln1118_93_fu_5274_p2   |     -    |      0|  0|   27|          30|          30|
    |sub_ln1118_94_fu_5320_p2   |     -    |      0|  0|   27|           1|          30|
    |sub_ln1118_95_fu_5326_p2   |     -    |      0|  0|   27|          30|          30|
    |sub_ln1118_96_fu_5380_p2   |     -    |      0|  0|   35|           1|          28|
    |sub_ln1118_97_fu_5400_p2   |     -    |      0|  0|   35|           1|          28|
    |sub_ln1118_98_fu_5444_p2   |     -    |      0|  0|   38|          31|          31|
    |sub_ln1118_99_fu_5496_p2   |     -    |      0|  0|   36|           1|          29|
    |sub_ln1118_9_fu_1104_p2    |     -    |      0|  0|   38|          31|          31|
    |sub_ln1118_fu_632_p2       |     -    |      0|  0|   35|           1|          28|
    +---------------------------+----------+-------+---+-----+------------+------------+
    |Total                      |          |      8|  0|19415|       14500|       16264|
    +---------------------------+----------+-------+---+-----+------------+------------+

    * Multiplexer: 
    +-----------+----+-----------+-----+-----------+
    |    Name   | LUT| Input Size| Bits| Total Bits|
    +-----------+----+-----------+-----+-----------+
    |ap_NS_fsm  |  15|          3|    1|          3|
    +-----------+----+-----------+-----+-----------+
    |Total      |  15|          3|    1|          3|
    +-----------+----+-----------+-----+-----------+

    * Register: 
    +-------------------------+----+----+-----+-----------+
    |           Name          | FF | LUT| Bits| Const Bits|
    +-------------------------+----+----+-----+-----------+
    |add_ln703_107_reg_10017  |  27|   0|   27|          0|
    |add_ln703_10_reg_9962    |  27|   0|   27|          0|
    |add_ln703_121_reg_10022  |  27|   0|   27|          0|
    |add_ln703_130_reg_10027  |  27|   0|   27|          0|
    |add_ln703_132_reg_10032  |  27|   0|   27|          0|
    |add_ln703_135_reg_10037  |  27|   0|   27|          0|
    |add_ln703_13_reg_9967    |  27|   0|   27|          0|
    |add_ln703_143_reg_10042  |  27|   0|   27|          0|
    |add_ln703_150_reg_10047  |  27|   0|   27|          0|
    |add_ln703_166_reg_10052  |  27|   0|   27|          0|
    |add_ln703_176_reg_10057  |  27|   0|   27|          0|
    |add_ln703_184_reg_10062  |  27|   0|   27|          0|
    |add_ln703_187_reg_10067  |  27|   0|   27|          0|
    |add_ln703_189_reg_10072  |  27|   0|   27|          0|
    |add_ln703_197_reg_10077  |  27|   0|   27|          0|
    |add_ln703_204_reg_10082  |  27|   0|   27|          0|
    |add_ln703_21_reg_9972    |  27|   0|   27|          0|
    |add_ln703_220_reg_10087  |  27|   0|   27|          0|
    |add_ln703_234_reg_10092  |  27|   0|   27|          0|
    |add_ln703_244_reg_10097  |  27|   0|   27|          0|
    |add_ln703_247_reg_10102  |  27|   0|   27|          0|
    |add_ln703_250_reg_10107  |  27|   0|   27|          0|
    |add_ln703_258_reg_10112  |  27|   0|   27|          0|
    |add_ln703_265_reg_10117  |  27|   0|   27|          0|
    |add_ln703_280_reg_10122  |  27|   0|   27|          0|
    |add_ln703_285_reg_10127  |  27|   0|   27|          0|
    |add_ln703_28_reg_9977    |  27|   0|   27|          0|
    |add_ln703_293_reg_10132  |  27|   0|   27|          0|
    |add_ln703_296_reg_10137  |  27|   0|   27|          0|
    |add_ln703_299_reg_10142  |  27|   0|   27|          0|
    |add_ln703_307_reg_10147  |  27|   0|   27|          0|
    |add_ln703_314_reg_10152  |  27|   0|   27|          0|
    |add_ln703_325_reg_10157  |  27|   0|   27|          0|
    |add_ln703_328_reg_10162  |  27|   0|   27|          0|
    |add_ln703_336_reg_10167  |  27|   0|   27|          0|
    |add_ln703_339_reg_10172  |  27|   0|   27|          0|
    |add_ln703_342_reg_10177  |  27|   0|   27|          0|
    |add_ln703_351_reg_10182  |  27|   0|   27|          0|
    |add_ln703_358_reg_10187  |  27|   0|   27|          0|
    |add_ln703_370_reg_10192  |  27|   0|   27|          0|
    |add_ln703_379_reg_10197  |  27|   0|   27|          0|
    |add_ln703_44_reg_9982    |  27|   0|   27|          0|
    |add_ln703_59_reg_9987    |  27|   0|   27|          0|
    |add_ln703_70_reg_9992    |  27|   0|   27|          0|
    |add_ln703_73_reg_9997    |  27|   0|   27|          0|
    |add_ln703_76_reg_10002   |  27|   0|   27|          0|
    |add_ln703_7_reg_9957     |  27|   0|   27|          0|
    |add_ln703_84_reg_10007   |  27|   0|   27|          0|
    |add_ln703_91_reg_10012   |  27|   0|   27|          0|
    |ap_CS_fsm                |   2|   0|    2|          0|
    +-------------------------+----+----+-----+-----------+
    |Total                    |1325|   0| 1325|          0|
    +-------------------------+----+----+-----+-----------+



================================================================
== Interface
================================================================
* Summary: 
+-----------------+-----+-----+------------+-------------------------------------------------------+--------------+
|    RTL Ports    | Dir | Bits|  Protocol  |                     Source Object                     |    C Type    |
+-----------------+-----+-----+------------+-------------------------------------------------------+--------------+
|ap_clk           |  in |    1| ap_ctrl_hs | dense_wrapper<ap_fixed,ap_fixed<27,9,5,3,0>,config11> | return value |
|ap_rst           |  in |    1| ap_ctrl_hs | dense_wrapper<ap_fixed,ap_fixed<27,9,5,3,0>,config11> | return value |
|ap_start         |  in |    1| ap_ctrl_hs | dense_wrapper<ap_fixed,ap_fixed<27,9,5,3,0>,config11> | return value |
|ap_done          | out |    1| ap_ctrl_hs | dense_wrapper<ap_fixed,ap_fixed<27,9,5,3,0>,config11> | return value |
|ap_idle          | out |    1| ap_ctrl_hs | dense_wrapper<ap_fixed,ap_fixed<27,9,5,3,0>,config11> | return value |
|ap_ready         | out |    1| ap_ctrl_hs | dense_wrapper<ap_fixed,ap_fixed<27,9,5,3,0>,config11> | return value |
|ap_return_0      | out |   27| ap_ctrl_hs | dense_wrapper<ap_fixed,ap_fixed<27,9,5,3,0>,config11> | return value |
|ap_return_1      | out |   27| ap_ctrl_hs | dense_wrapper<ap_fixed,ap_fixed<27,9,5,3,0>,config11> | return value |
|ap_return_2      | out |   27| ap_ctrl_hs | dense_wrapper<ap_fixed,ap_fixed<27,9,5,3,0>,config11> | return value |
|ap_return_3      | out |   27| ap_ctrl_hs | dense_wrapper<ap_fixed,ap_fixed<27,9,5,3,0>,config11> | return value |
|ap_return_4      | out |   27| ap_ctrl_hs | dense_wrapper<ap_fixed,ap_fixed<27,9,5,3,0>,config11> | return value |
|ap_return_5      | out |   27| ap_ctrl_hs | dense_wrapper<ap_fixed,ap_fixed<27,9,5,3,0>,config11> | return value |
|ap_return_6      | out |   27| ap_ctrl_hs | dense_wrapper<ap_fixed,ap_fixed<27,9,5,3,0>,config11> | return value |
|data_3_V_read    |  in |   27|   ap_none  |                     data_3_V_read                     |    scalar    |
|data_7_V_read    |  in |   27|   ap_none  |                     data_7_V_read                     |    scalar    |
|data_9_V_read    |  in |   27|   ap_none  |                     data_9_V_read                     |    scalar    |
|data_10_V_read   |  in |   27|   ap_none  |                     data_10_V_read                    |    scalar    |
|data_23_V_read   |  in |   27|   ap_none  |                     data_23_V_read                    |    scalar    |
|data_25_V_read   |  in |   27|   ap_none  |                     data_25_V_read                    |    scalar    |
|data_26_V_read   |  in |   27|   ap_none  |                     data_26_V_read                    |    scalar    |
|data_39_V_read   |  in |   27|   ap_none  |                     data_39_V_read                    |    scalar    |
|data_41_V_read   |  in |   27|   ap_none  |                     data_41_V_read                    |    scalar    |
|data_42_V_read   |  in |   27|   ap_none  |                     data_42_V_read                    |    scalar    |
|data_51_V_read   |  in |   27|   ap_none  |                     data_51_V_read                    |    scalar    |
|data_55_V_read   |  in |   27|   ap_none  |                     data_55_V_read                    |    scalar    |
|data_57_V_read   |  in |   27|   ap_none  |                     data_57_V_read                    |    scalar    |
|data_58_V_read   |  in |   27|   ap_none  |                     data_58_V_read                    |    scalar    |
|data_64_V_read   |  in |   27|   ap_none  |                     data_64_V_read                    |    scalar    |
|data_67_V_read   |  in |   27|   ap_none  |                     data_67_V_read                    |    scalar    |
|data_71_V_read   |  in |   27|   ap_none  |                     data_71_V_read                    |    scalar    |
|data_73_V_read   |  in |   27|   ap_none  |                     data_73_V_read                    |    scalar    |
|data_74_V_read   |  in |   27|   ap_none  |                     data_74_V_read                    |    scalar    |
|data_83_V_read   |  in |   27|   ap_none  |                     data_83_V_read                    |    scalar    |
|data_87_V_read   |  in |   27|   ap_none  |                     data_87_V_read                    |    scalar    |
|data_89_V_read   |  in |   27|   ap_none  |                     data_89_V_read                    |    scalar    |
|data_90_V_read   |  in |   27|   ap_none  |                     data_90_V_read                    |    scalar    |
|data_96_V_read   |  in |   27|   ap_none  |                     data_96_V_read                    |    scalar    |
|data_99_V_read   |  in |   27|   ap_none  |                     data_99_V_read                    |    scalar    |
|data_103_V_read  |  in |   27|   ap_none  |                    data_103_V_read                    |    scalar    |
|data_105_V_read  |  in |   27|   ap_none  |                    data_105_V_read                    |    scalar    |
|data_112_V_read  |  in |   27|   ap_none  |                    data_112_V_read                    |    scalar    |
|data_115_V_read  |  in |   27|   ap_none  |                    data_115_V_read                    |    scalar    |
|data_119_V_read  |  in |   27|   ap_none  |                    data_119_V_read                    |    scalar    |
|data_121_V_read  |  in |   27|   ap_none  |                    data_121_V_read                    |    scalar    |
|data_128_V_read  |  in |   27|   ap_none  |                    data_128_V_read                    |    scalar    |
|data_131_V_read  |  in |   27|   ap_none  |                    data_131_V_read                    |    scalar    |
|data_135_V_read  |  in |   27|   ap_none  |                    data_135_V_read                    |    scalar    |
|data_137_V_read  |  in |   27|   ap_none  |                    data_137_V_read                    |    scalar    |
|data_138_V_read  |  in |   27|   ap_none  |                    data_138_V_read                    |    scalar    |
|data_144_V_read  |  in |   27|   ap_none  |                    data_144_V_read                    |    scalar    |
|data_147_V_read  |  in |   27|   ap_none  |                    data_147_V_read                    |    scalar    |
|data_151_V_read  |  in |   27|   ap_none  |                    data_151_V_read                    |    scalar    |
|data_153_V_read  |  in |   27|   ap_none  |                    data_153_V_read                    |    scalar    |
|data_154_V_read  |  in |   27|   ap_none  |                    data_154_V_read                    |    scalar    |
|data_160_V_read  |  in |   27|   ap_none  |                    data_160_V_read                    |    scalar    |
|data_163_V_read  |  in |   27|   ap_none  |                    data_163_V_read                    |    scalar    |
|data_167_V_read  |  in |   27|   ap_none  |                    data_167_V_read                    |    scalar    |
|data_169_V_read  |  in |   27|   ap_none  |                    data_169_V_read                    |    scalar    |
|data_170_V_read  |  in |   27|   ap_none  |                    data_170_V_read                    |    scalar    |
|data_183_V_read  |  in |   27|   ap_none  |                    data_183_V_read                    |    scalar    |
|data_185_V_read  |  in |   27|   ap_none  |                    data_185_V_read                    |    scalar    |
|data_186_V_read  |  in |   27|   ap_none  |                    data_186_V_read                    |    scalar    |
|data_192_V_read  |  in |   27|   ap_none  |                    data_192_V_read                    |    scalar    |
|data_195_V_read  |  in |   27|   ap_none  |                    data_195_V_read                    |    scalar    |
|data_199_V_read  |  in |   27|   ap_none  |                    data_199_V_read                    |    scalar    |
|data_208_V_read  |  in |   27|   ap_none  |                    data_208_V_read                    |    scalar    |
|data_211_V_read  |  in |   27|   ap_none  |                    data_211_V_read                    |    scalar    |
|data_215_V_read  |  in |   27|   ap_none  |                    data_215_V_read                    |    scalar    |
|data_224_V_read  |  in |   27|   ap_none  |                    data_224_V_read                    |    scalar    |
|data_227_V_read  |  in |   27|   ap_none  |                    data_227_V_read                    |    scalar    |
|data_231_V_read  |  in |   27|   ap_none  |                    data_231_V_read                    |    scalar    |
|data_240_V_read  |  in |   27|   ap_none  |                    data_240_V_read                    |    scalar    |
|data_243_V_read  |  in |   27|   ap_none  |                    data_243_V_read                    |    scalar    |
|data_247_V_read  |  in |   27|   ap_none  |                    data_247_V_read                    |    scalar    |
|data_249_V_read  |  in |   27|   ap_none  |                    data_249_V_read                    |    scalar    |
+-----------------+-----+-----+------------+-------------------------------------------------------+--------------+

