

================================================================
== Vivado HLS Report for 'myproject_axi'
================================================================
* Date:           Sat Aug  8 08:23:27 2020

* Version:        2020.1 (Build 2897737 on Wed May 27 20:21:37 MDT 2020)
* Project:        myproject_prj
* Solution:       solution1
* Product family: virtexuplus
* Target device:  xcu250-figd2104-2L-e


================================================================
== Performance Estimates
================================================================
+ Timing: 
    * Summary: 
    +--------+---------+----------+------------+
    |  Clock |  Target | Estimated| Uncertainty|
    +--------+---------+----------+------------+
    |ap_clk  | 5.00 ns | 4.370 ns |   0.62 ns  |
    +--------+---------+----------+------------+

+ Latency: 
    * Summary: 
    +---------+---------+-----------+-----------+------+------+----------+
    |  Latency (cycles) |   Latency (absolute)  |   Interval  | Pipeline |
    |   min   |   max   |    min    |    max    |  min |  max |   Type   |
    +---------+---------+-----------+-----------+------+------+----------+
    |     7082|    10251| 35.410 us | 51.255 us |  4489|  6733| dataflow |
    +---------+---------+-----------+-----------+------+------+----------+

    + Detail: 
        * Instance: 
        +-------------------+----------------+---------+---------+-----------+-----------+------+------+----------+
        |                   |                |  Latency (cycles) |   Latency (absolute)  |   Interval  | Pipeline |
        |      Instance     |     Module     |   min   |   max   |    min    |    max    |  min |  max |   Type   |
        +-------------------+----------------+---------+---------+-----------+-----------+------+------+----------+
        |myproject_U0       |myproject       |     7043|     7043| 35.215 us | 35.215 us |  4489|  6733| dataflow |
        |Loop_1_proc408_U0  |Loop_1_proc408  |     3844|     3844| 19.220 us | 19.220 us |  3844|  3844|   none   |
        |Loop_2_proc409_U0  |Loop_2_proc409  |     2381|     6529| 11.905 us | 32.645 us |  2381|  6529|   none   |
        |Block_proc_U0      |Block_proc      |        2|        2| 10.000 ns | 10.000 ns |     2|     2|   none   |
        +-------------------+----------------+---------+---------+-----------+-----------+------+------+----------+

        * Loop: 
        N/A



================================================================
== Utilization Estimates
================================================================
* Summary: 
+---------------------+---------+-------+---------+---------+------+
|         Name        | BRAM_18K| DSP48E|    FF   |   LUT   | URAM |
+---------------------+---------+-------+---------+---------+------+
|DSP                  |        -|      -|        -|        -|     -|
|Expression           |        -|      -|        0|        2|     -|
|FIFO                 |      121|      -|     2350|     2447|     -|
|Instance             |      144|     20|    38106|    77186|     -|
|Memory               |        -|      -|        -|        -|     -|
|Multiplexer          |        -|      -|        -|        -|     -|
|Register             |        -|      -|        -|        -|     -|
+---------------------+---------+-------+---------+---------+------+
|Total                |      265|     20|    40456|    79635|     0|
+---------------------+---------+-------+---------+---------+------+
|Available SLR        |     1344|   3072|   864000|   432000|   320|
+---------------------+---------+-------+---------+---------+------+
|Utilization SLR (%)  |       19|   ~0  |        4|       18|     0|
+---------------------+---------+-------+---------+---------+------+
|Available            |     5376|  12288|  3456000|  1728000|  1280|
+---------------------+---------+-------+---------+---------+------+
|Utilization (%)      |        4|   ~0  |        1|        4|     0|
+---------------------+---------+-------+---------+---------+------+

+ Detail: 
    * Instance: 
    +-------------------+----------------+---------+-------+-------+-------+-----+
    |      Instance     |     Module     | BRAM_18K| DSP48E|   FF  |  LUT  | URAM|
    +-------------------+----------------+---------+-------+-------+-------+-----+
    |Block_proc_U0      |Block_proc      |        0|      0|   1031|    131|    0|
    |Loop_1_proc408_U0  |Loop_1_proc408  |        0|      0|   2503|  16045|    0|
    |Loop_2_proc409_U0  |Loop_2_proc409  |        0|      0|   1990|   2838|    0|
    |myproject_U0       |myproject       |      144|     20|  32582|  58172|    0|
    +-------------------+----------------+---------+-------+-------+-------+-----+
    |Total              |                |      144|     20|  38106|  77186|    0|
    +-------------------+----------------+---------+-------+-------+-------+-----+

    * DSP48E: 
    N/A

    * Memory: 
    N/A

    * FIFO: 
    +------------------------+---------+------+----+-----+------+------+---------+
    |          Name          | BRAM_18K|  FF  | LUT| URAM| Depth| Bits | Size:D*B|
    +------------------------+---------+------+----+-----+------+------+---------+
    |in_local_V_data_0_V_U   |        7|    94|   0|    -|  4356|    16|    69696|
    |out_local_V_data_0_V_U  |       57|  1034|   0|    -|     1|  1024|     1024|
    |out_local_V_data_1_V_U  |       57|  1034|   0|    -|     1|  1024|     1024|
    |should_skip_0_loc_c_U   |        0|     5|   0|    -|     4|     1|        4|
    |tmp_stream_V_V_U        |        0|   178|   0|    -|    32|    16|      512|
    |val_assign_loc_c_U      |        0|     5|   0|    -|     4|     1|        4|
    +------------------------+---------+------+----+-----+------+------+---------+
    |Total                   |      121|  2350|   0|    0|  4398|  2082|    72264|
    +------------------------+---------+------+----+-----+------+------+---------+

    * Expression: 
    +--------------------------------+----------+-------+---+----+------------+------------+
    |          Variable Name         | Operation| DSP48E| FF| LUT| Bitwidth P0| Bitwidth P1|
    +--------------------------------+----------+-------+---+----+------------+------------+
    |Loop_1_proc408_U0_start_full_n  |    and   |      0|  0|   2|           1|           1|
    +--------------------------------+----------+-------+---+----+------------+------------+
    |Total                           |          |      0|  0|   2|           1|           1|
    +--------------------------------+----------+-------+---+----+------------+------------+

    * Multiplexer: 
    N/A

    * Register: 
    N/A



================================================================
== Interface
================================================================
* Summary: 
+--------------+-----+------+--------------+---------------+--------------+
|   RTL Ports  | Dir | Bits |   Protocol   | Source Object |    C Type    |
+--------------+-----+------+--------------+---------------+--------------+
|in_r_TDATA    |  in |  1024|     axis     |   in_data_V   |    pointer   |
|in_r_TLAST    |  in |     1|     axis     |   in_last_V   |    pointer   |
|in_r_TVALID   |  in |     1|     axis     |   in_last_V   |    pointer   |
|in_r_TREADY   | out |     1|     axis     |   in_last_V   |    pointer   |
|out_r_TDATA   | out |  1024|     axis     |   out_data_V  |    pointer   |
|out_r_TLAST   | out |     1|     axis     |   out_last_V  |    pointer   |
|out_r_TVALID  | out |     1|     axis     |   out_last_V  |    pointer   |
|out_r_TREADY  |  in |     1|     axis     |   out_last_V  |    pointer   |
|ap_clk        |  in |     1| ap_ctrl_none | myproject_axi | return value |
|ap_rst_n      |  in |     1| ap_ctrl_none | myproject_axi | return value |
+--------------+-----+------+--------------+---------------+--------------+

