

================================================================
== Vivado HLS Report for 'pooling2d_cl_array_array_ap_fixed_16u_config9_s'
================================================================
* Date:           Sat Aug  8 08:22:59 2020

* Version:        2020.1 (Build 2897737 on Wed May 27 20:21:37 MDT 2020)
* Project:        myproject_prj
* Solution:       solution1
* Product family: virtexuplus
* Target device:  xcu250-figd2104-2L-e


================================================================
== Performance Estimates
================================================================
+ Timing: 
    * Summary: 
    +--------+---------+----------+------------+
    |  Clock |  Target | Estimated| Uncertainty|
    +--------+---------+----------+------------+
    |ap_clk  | 5.00 ns | 3.406 ns |   0.62 ns  |
    +--------+---------+----------+------------+

+ Latency: 
    * Summary: 
    +---------+---------+----------+----------+-----+-----+---------+
    |  Latency (cycles) |  Latency (absolute) |  Interval | Pipeline|
    |   min   |   max   |    min   |    max   | min | max |   Type  |
    +---------+---------+----------+----------+-----+-----+---------+
    |      260|      260| 1.300 us | 1.300 us |  260|  260|   none  |
    +---------+---------+----------+----------+-----+-----+---------+

    + Detail: 
        * Instance: 
        +-----------------------------------------------------------------+-------------------------------------------------+---------+---------+----------+----------+-----+-----+----------+
        |                                                                 |                                                 |  Latency (cycles) |  Latency (absolute) |  Interval | Pipeline |
        |                             Instance                            |                      Module                     |   min   |   max   |    min   |    max   | min | max |   Type   |
        +-----------------------------------------------------------------+-------------------------------------------------+---------+---------+----------+----------+-----+-----+----------+
        |grp_reduce_ap_fixed_16_Op_max_ap_fixed_27_9_4_0_0_s_fu_714       |reduce_ap_fixed_16_Op_max_ap_fixed_27_9_4_0_0_s  |        1|        1| 5.000 ns | 5.000 ns |    1|    1| function |
        |grp_reduce_ap_fixed_16_Op_max_ap_fixed_27_9_4_0_0_s_fu_735       |reduce_ap_fixed_16_Op_max_ap_fixed_27_9_4_0_0_s  |        1|        1| 5.000 ns | 5.000 ns |    1|    1| function |
        |grp_reduce_ap_fixed_16_Op_max_ap_fixed_27_9_4_0_0_s_fu_756       |reduce_ap_fixed_16_Op_max_ap_fixed_27_9_4_0_0_s  |        1|        1| 5.000 ns | 5.000 ns |    1|    1| function |
        |grp_reduce_ap_fixed_16_Op_max_ap_fixed_27_9_4_0_0_s_fu_777       |reduce_ap_fixed_16_Op_max_ap_fixed_27_9_4_0_0_s  |        1|        1| 5.000 ns | 5.000 ns |    1|    1| function |
        |grp_reduce_ap_fixed_16_Op_max_ap_fixed_27_9_4_0_0_s_fu_798       |reduce_ap_fixed_16_Op_max_ap_fixed_27_9_4_0_0_s  |        1|        1| 5.000 ns | 5.000 ns |    1|    1| function |
        |grp_reduce_ap_fixed_16_Op_max_ap_fixed_27_9_4_0_0_s_fu_819       |reduce_ap_fixed_16_Op_max_ap_fixed_27_9_4_0_0_s  |        1|        1| 5.000 ns | 5.000 ns |    1|    1| function |
        |grp_reduce_ap_fixed_16_Op_max_ap_fixed_27_9_4_0_0_s_fu_840       |reduce_ap_fixed_16_Op_max_ap_fixed_27_9_4_0_0_s  |        1|        1| 5.000 ns | 5.000 ns |    1|    1| function |
        |grp_reduce_ap_fixed_16_Op_max_ap_fixed_27_9_4_0_0_s_fu_861       |reduce_ap_fixed_16_Op_max_ap_fixed_27_9_4_0_0_s  |        1|        1| 5.000 ns | 5.000 ns |    1|    1| function |
        |grp_reduce_ap_fixed_16_Op_max_ap_fixed_27_9_4_0_0_s_fu_882       |reduce_ap_fixed_16_Op_max_ap_fixed_27_9_4_0_0_s  |        1|        1| 5.000 ns | 5.000 ns |    1|    1| function |
        |grp_reduce_ap_fixed_16_Op_max_ap_fixed_27_9_4_0_0_s_fu_903       |reduce_ap_fixed_16_Op_max_ap_fixed_27_9_4_0_0_s  |        1|        1| 5.000 ns | 5.000 ns |    1|    1| function |
        |grp_reduce_ap_fixed_16_Op_max_ap_fixed_27_9_4_0_0_s_fu_924       |reduce_ap_fixed_16_Op_max_ap_fixed_27_9_4_0_0_s  |        1|        1| 5.000 ns | 5.000 ns |    1|    1| function |
        |grp_reduce_ap_fixed_16_Op_max_ap_fixed_27_9_4_0_0_s_fu_945       |reduce_ap_fixed_16_Op_max_ap_fixed_27_9_4_0_0_s  |        1|        1| 5.000 ns | 5.000 ns |    1|    1| function |
        |grp_reduce_ap_fixed_16_Op_max_ap_fixed_27_9_4_0_0_s_fu_966       |reduce_ap_fixed_16_Op_max_ap_fixed_27_9_4_0_0_s  |        1|        1| 5.000 ns | 5.000 ns |    1|    1| function |
        |grp_reduce_ap_fixed_16_Op_max_ap_fixed_27_9_4_0_0_s_fu_987       |reduce_ap_fixed_16_Op_max_ap_fixed_27_9_4_0_0_s  |        1|        1| 5.000 ns | 5.000 ns |    1|    1| function |
        |grp_reduce_ap_fixed_16_Op_max_ap_fixed_27_9_4_0_0_s_fu_1008      |reduce_ap_fixed_16_Op_max_ap_fixed_27_9_4_0_0_s  |        1|        1| 5.000 ns | 5.000 ns |    1|    1| function |
        |grp_reduce_ap_fixed_16_Op_max_ap_fixed_27_9_4_0_0_s_fu_1029      |reduce_ap_fixed_16_Op_max_ap_fixed_27_9_4_0_0_s  |        1|        1| 5.000 ns | 5.000 ns |    1|    1| function |
        |call_ret_shift_line_buffer_array_ap_fixed_16u_config9_s_fu_1050  |shift_line_buffer_array_ap_fixed_16u_config9_s   |        0|        0|   0 ns   |   0 ns   |    1|    1| function |
        +-----------------------------------------------------------------+-------------------------------------------------+---------+---------+----------+----------+-----+-----+----------+

        * Loop: 
        +----------------------------------+---------+---------+----------+-----------+-----------+------+----------+
        |                                  |  Latency (cycles) | Iteration|  Initiation Interval  | Trip |          |
        |             Loop Name            |   min   |   max   |  Latency |  achieved |   target  | Count| Pipelined|
        +----------------------------------+---------+---------+----------+-----------+-----------+------+----------+
        |- ReadInputHeight_ReadInputWidth  |      258|      258|         4|          1|          1|   256|    yes   |
        +----------------------------------+---------+---------+----------+-----------+-----------+------+----------+



================================================================
== Utilization Estimates
================================================================
* Summary: 
+---------------------+---------+-------+---------+---------+------+
|         Name        | BRAM_18K| DSP48E|    FF   |   LUT   | URAM |
+---------------------+---------+-------+---------+---------+------+
|DSP                  |        -|      -|        -|        -|     -|
|Expression           |        -|      -|        0|      401|     -|
|FIFO                 |        -|      -|        -|        -|     -|
|Instance             |        0|      -|     4385|    12960|     -|
|Memory               |        -|      -|        -|        -|     -|
|Multiplexer          |        -|      -|        -|      405|     -|
|Register             |        0|      -|    12342|       32|     -|
+---------------------+---------+-------+---------+---------+------+
|Total                |        0|      0|    16727|    13798|     0|
+---------------------+---------+-------+---------+---------+------+
|Available SLR        |     1344|   3072|   864000|   432000|   320|
+---------------------+---------+-------+---------+---------+------+
|Utilization SLR (%)  |        0|      0|        1|        3|     0|
+---------------------+---------+-------+---------+---------+------+
|Available            |     5376|  12288|  3456000|  1728000|  1280|
+---------------------+---------+-------+---------+---------+------+
|Utilization (%)      |        0|      0|    ~0   |    ~0   |     0|
+---------------------+---------+-------+---------+---------+------+

+ Detail: 
    * Instance: 
    +-----------------------------------------------------------------+-------------------------------------------------+---------+-------+------+------+-----+
    |                             Instance                            |                      Module                     | BRAM_18K| DSP48E|  FF  |  LUT | URAM|
    +-----------------------------------------------------------------+-------------------------------------------------+---------+-------+------+------+-----+
    |grp_reduce_ap_fixed_16_Op_max_ap_fixed_27_9_4_0_0_s_fu_714       |reduce_ap_fixed_16_Op_max_ap_fixed_27_9_4_0_0_s  |        0|      0|    82|   714|    0|
    |grp_reduce_ap_fixed_16_Op_max_ap_fixed_27_9_4_0_0_s_fu_735       |reduce_ap_fixed_16_Op_max_ap_fixed_27_9_4_0_0_s  |        0|      0|    82|   714|    0|
    |grp_reduce_ap_fixed_16_Op_max_ap_fixed_27_9_4_0_0_s_fu_756       |reduce_ap_fixed_16_Op_max_ap_fixed_27_9_4_0_0_s  |        0|      0|    82|   714|    0|
    |grp_reduce_ap_fixed_16_Op_max_ap_fixed_27_9_4_0_0_s_fu_777       |reduce_ap_fixed_16_Op_max_ap_fixed_27_9_4_0_0_s  |        0|      0|    82|   714|    0|
    |grp_reduce_ap_fixed_16_Op_max_ap_fixed_27_9_4_0_0_s_fu_798       |reduce_ap_fixed_16_Op_max_ap_fixed_27_9_4_0_0_s  |        0|      0|    82|   714|    0|
    |grp_reduce_ap_fixed_16_Op_max_ap_fixed_27_9_4_0_0_s_fu_819       |reduce_ap_fixed_16_Op_max_ap_fixed_27_9_4_0_0_s  |        0|      0|    82|   714|    0|
    |grp_reduce_ap_fixed_16_Op_max_ap_fixed_27_9_4_0_0_s_fu_840       |reduce_ap_fixed_16_Op_max_ap_fixed_27_9_4_0_0_s  |        0|      0|    82|   714|    0|
    |grp_reduce_ap_fixed_16_Op_max_ap_fixed_27_9_4_0_0_s_fu_861       |reduce_ap_fixed_16_Op_max_ap_fixed_27_9_4_0_0_s  |        0|      0|    82|   714|    0|
    |grp_reduce_ap_fixed_16_Op_max_ap_fixed_27_9_4_0_0_s_fu_882       |reduce_ap_fixed_16_Op_max_ap_fixed_27_9_4_0_0_s  |        0|      0|    82|   714|    0|
    |grp_reduce_ap_fixed_16_Op_max_ap_fixed_27_9_4_0_0_s_fu_903       |reduce_ap_fixed_16_Op_max_ap_fixed_27_9_4_0_0_s  |        0|      0|    82|   714|    0|
    |grp_reduce_ap_fixed_16_Op_max_ap_fixed_27_9_4_0_0_s_fu_924       |reduce_ap_fixed_16_Op_max_ap_fixed_27_9_4_0_0_s  |        0|      0|    82|   714|    0|
    |grp_reduce_ap_fixed_16_Op_max_ap_fixed_27_9_4_0_0_s_fu_945       |reduce_ap_fixed_16_Op_max_ap_fixed_27_9_4_0_0_s  |        0|      0|    82|   714|    0|
    |grp_reduce_ap_fixed_16_Op_max_ap_fixed_27_9_4_0_0_s_fu_966       |reduce_ap_fixed_16_Op_max_ap_fixed_27_9_4_0_0_s  |        0|      0|    82|   714|    0|
    |grp_reduce_ap_fixed_16_Op_max_ap_fixed_27_9_4_0_0_s_fu_987       |reduce_ap_fixed_16_Op_max_ap_fixed_27_9_4_0_0_s  |        0|      0|    82|   714|    0|
    |grp_reduce_ap_fixed_16_Op_max_ap_fixed_27_9_4_0_0_s_fu_1008      |reduce_ap_fixed_16_Op_max_ap_fixed_27_9_4_0_0_s  |        0|      0|    82|   714|    0|
    |grp_reduce_ap_fixed_16_Op_max_ap_fixed_27_9_4_0_0_s_fu_1029      |reduce_ap_fixed_16_Op_max_ap_fixed_27_9_4_0_0_s  |        0|      0|    82|   714|    0|
    |call_ret_shift_line_buffer_array_ap_fixed_16u_config9_s_fu_1050  |shift_line_buffer_array_ap_fixed_16u_config9_s   |        0|      0|  3073|  1536|    0|
    +-----------------------------------------------------------------+-------------------------------------------------+---------+-------+------+------+-----+
    |Total                                                            |                                                 |        0|      0|  4385| 12960|    0|
    +-----------------------------------------------------------------+-------------------------------------------------+---------+-------+------+------+-----+

    * DSP48E: 
    N/A

    * Memory: 
    N/A

    * FIFO: 
    N/A

    * Expression: 
    +----------------------------------+----------+-------+---+----+------------+------------+
    |           Variable Name          | Operation| DSP48E| FF| LUT| Bitwidth P0| Bitwidth P1|
    +----------------------------------+----------+-------+---+----+------------+------------+
    |add_ln211_fu_1484_p2              |     +    |      0|  0|  39|          32|           1|
    |add_ln213_fu_1496_p2              |     +    |      0|  0|  39|          32|           1|
    |add_ln216_fu_1434_p2              |     +    |      0|  0|  39|          32|           1|
    |add_ln218_fu_1446_p2              |     +    |      0|  0|  39|          32|           1|
    |add_ln233_fu_1364_p2              |     +    |      0|  0|  16|           9|           1|
    |and_ln185_3_fu_1416_p2            |    and   |      0|  0|   2|           1|           1|
    |and_ln185_4_fu_1422_p2            |    and   |      0|  0|   2|           1|           1|
    |and_ln185_fu_1410_p2              |    and   |      0|  0|   2|           1|           1|
    |ap_block_state3_pp0_stage0_iter1  |    and   |      0|  0|   2|           1|           1|
    |ap_block_state5_pp0_stage0_iter3  |    and   |      0|  0|   2|           1|           1|
    |ap_condition_1922                 |    and   |      0|  0|   2|           1|           1|
    |ap_condition_1929                 |    and   |      0|  0|   2|           1|           1|
    |ap_condition_2724                 |    and   |      0|  0|   2|           1|           1|
    |ap_condition_453                  |    and   |      0|  0|   2|           1|           1|
    |ap_condition_475                  |    and   |      0|  0|   2|           1|           1|
    |io_acc_block_signal_op775         |    and   |      0|  0|   2|           1|           1|
    |io_acc_block_signal_op82          |    and   |      0|  0|   2|           1|           1|
    |icmp_ln185_4_fu_1384_p2           |   icmp   |      0|  0|  20|          32|           2|
    |icmp_ln185_5_fu_1394_p2           |   icmp   |      0|  0|  20|          32|           2|
    |icmp_ln185_6_fu_1404_p2           |   icmp   |      0|  0|  20|          32|           2|
    |icmp_ln185_fu_1374_p2             |   icmp   |      0|  0|  20|          32|           2|
    |icmp_ln203_fu_1428_p2             |   icmp   |      0|  0|  20|          32|           4|
    |icmp_ln207_fu_1478_p2             |   icmp   |      0|  0|  20|          32|           4|
    |icmp_ln233_fu_1358_p2             |   icmp   |      0|  0|  13|           9|          10|
    |ap_block_pp0_stage0_01001         |    or    |      0|  0|   2|           1|           1|
    |ap_block_state1                   |    or    |      0|  0|   2|           1|           1|
    |select_ln213_fu_1502_p3           |  select  |      0|  0|  32|           1|           1|
    |select_ln218_fu_1452_p3           |  select  |      0|  0|  32|           1|           1|
    |ap_enable_pp0                     |    xor   |      0|  0|   2|           1|           2|
    |ap_enable_reg_pp0_iter1           |    xor   |      0|  0|   2|           2|           1|
    +----------------------------------+----------+-------+---+----+------------+------------+
    |Total                             |          |      0|  0| 401|         357|          50|
    +----------------------------------+----------+-------+---+----+------------+------------+

    * Multiplexer: 
    +---------------------------------------------+----+-----------+-----+-----------+
    |                     Name                    | LUT| Input Size| Bits| Total Bits|
    +---------------------------------------------+----+-----------+-----+-----------+
    |ap_NS_fsm                                    |  21|          4|    1|          4|
    |ap_done                                      |   9|          2|    1|          2|
    |ap_enable_reg_pp0_iter1                      |   9|          2|    1|          2|
    |ap_enable_reg_pp0_iter3                      |   9|          2|    1|          2|
    |ap_phi_reg_pp0_iter1_storemerge_i_i_reg_703  |  15|          3|   32|         96|
    |ap_sig_allocacmp_sY_1_load                   |   9|          2|   32|         64|
    |data_V_data_0_V_blk_n                        |   9|          2|    1|          2|
    |data_V_data_10_V_blk_n                       |   9|          2|    1|          2|
    |data_V_data_11_V_blk_n                       |   9|          2|    1|          2|
    |data_V_data_12_V_blk_n                       |   9|          2|    1|          2|
    |data_V_data_13_V_blk_n                       |   9|          2|    1|          2|
    |data_V_data_14_V_blk_n                       |   9|          2|    1|          2|
    |data_V_data_15_V_blk_n                       |   9|          2|    1|          2|
    |data_V_data_1_V_blk_n                        |   9|          2|    1|          2|
    |data_V_data_2_V_blk_n                        |   9|          2|    1|          2|
    |data_V_data_3_V_blk_n                        |   9|          2|    1|          2|
    |data_V_data_4_V_blk_n                        |   9|          2|    1|          2|
    |data_V_data_5_V_blk_n                        |   9|          2|    1|          2|
    |data_V_data_6_V_blk_n                        |   9|          2|    1|          2|
    |data_V_data_7_V_blk_n                        |   9|          2|    1|          2|
    |data_V_data_8_V_blk_n                        |   9|          2|    1|          2|
    |data_V_data_9_V_blk_n                        |   9|          2|    1|          2|
    |indvar_flatten_reg_692                       |   9|          2|    9|         18|
    |pX_1                                         |   9|          2|   32|         64|
    |pY_1                                         |   9|          2|   32|         64|
    |real_start                                   |   9|          2|    1|          2|
    |res_V_data_0_V_blk_n                         |   9|          2|    1|          2|
    |res_V_data_10_V_blk_n                        |   9|          2|    1|          2|
    |res_V_data_11_V_blk_n                        |   9|          2|    1|          2|
    |res_V_data_12_V_blk_n                        |   9|          2|    1|          2|
    |res_V_data_13_V_blk_n                        |   9|          2|    1|          2|
    |res_V_data_14_V_blk_n                        |   9|          2|    1|          2|
    |res_V_data_15_V_blk_n                        |   9|          2|    1|          2|
    |res_V_data_1_V_blk_n                         |   9|          2|    1|          2|
    |res_V_data_2_V_blk_n                         |   9|          2|    1|          2|
    |res_V_data_3_V_blk_n                         |   9|          2|    1|          2|
    |res_V_data_4_V_blk_n                         |   9|          2|    1|          2|
    |res_V_data_5_V_blk_n                         |   9|          2|    1|          2|
    |res_V_data_6_V_blk_n                         |   9|          2|    1|          2|
    |res_V_data_7_V_blk_n                         |   9|          2|    1|          2|
    |res_V_data_8_V_blk_n                         |   9|          2|    1|          2|
    |res_V_data_9_V_blk_n                         |   9|          2|    1|          2|
    |sX_1                                         |   9|          2|   32|         64|
    +---------------------------------------------+----+-----------+-----+-----------+
    |Total                                        | 405|         89|  206|        446|
    +---------------------------------------------+----+-----------+-----+-----------+

    * Register: 
    +------------------------------------------------------------------------------+-----+----+-----+-----------+
    |                                     Name                                     |  FF | LUT| Bits| Const Bits|
    +------------------------------------------------------------------------------+-----+----+-----+-----------+
    |and_ln185_4_reg_4747                                                          |    1|   0|    1|          0|
    |ap_CS_fsm                                                                     |    3|   0|    3|          0|
    |ap_done_reg                                                                   |    1|   0|    1|          0|
    |ap_enable_reg_pp0_iter0                                                       |    1|   0|    1|          0|
    |ap_enable_reg_pp0_iter1                                                       |    1|   0|    1|          0|
    |ap_enable_reg_pp0_iter2                                                       |    1|   0|    1|          0|
    |ap_enable_reg_pp0_iter3                                                       |    1|   0|    1|          0|
    |ap_phi_reg_pp0_iter1_storemerge_i_i_reg_703                                   |   32|   0|   32|          0|
    |call_ret_shift_line_buffer_array_ap_fixed_16u_config9_s_fu_1050_ap_start_reg  |    1|   0|    1|          0|
    |icmp_ln203_reg_4751                                                           |    1|   0|    1|          0|
    |icmp_ln233_reg_4738                                                           |    1|   0|    1|          0|
    |indvar_flatten_reg_692                                                        |    9|   0|    9|          0|
    |kernel_data_V_2_100                                                           |   27|   0|   27|          0|
    |kernel_data_V_2_101                                                           |   27|   0|   27|          0|
    |kernel_data_V_2_102                                                           |   27|   0|   27|          0|
    |kernel_data_V_2_103                                                           |   27|   0|   27|          0|
    |kernel_data_V_2_104                                                           |   27|   0|   27|          0|
    |kernel_data_V_2_105                                                           |   27|   0|   27|          0|
    |kernel_data_V_2_106                                                           |   27|   0|   27|          0|
    |kernel_data_V_2_107                                                           |   27|   0|   27|          0|
    |kernel_data_V_2_108                                                           |   27|   0|   27|          0|
    |kernel_data_V_2_109                                                           |   27|   0|   27|          0|
    |kernel_data_V_2_110                                                           |   27|   0|   27|          0|
    |kernel_data_V_2_111                                                           |   27|   0|   27|          0|
    |kernel_data_V_2_112                                                           |   27|   0|   27|          0|
    |kernel_data_V_2_113                                                           |   27|   0|   27|          0|
    |kernel_data_V_2_114                                                           |   27|   0|   27|          0|
    |kernel_data_V_2_115                                                           |   27|   0|   27|          0|
    |kernel_data_V_2_116                                                           |   27|   0|   27|          0|
    |kernel_data_V_2_117                                                           |   27|   0|   27|          0|
    |kernel_data_V_2_118                                                           |   27|   0|   27|          0|
    |kernel_data_V_2_119                                                           |   27|   0|   27|          0|
    |kernel_data_V_2_120                                                           |   27|   0|   27|          0|
    |kernel_data_V_2_121                                                           |   27|   0|   27|          0|
    |kernel_data_V_2_122                                                           |   27|   0|   27|          0|
    |kernel_data_V_2_123                                                           |   27|   0|   27|          0|
    |kernel_data_V_2_124                                                           |   27|   0|   27|          0|
    |kernel_data_V_2_125                                                           |   27|   0|   27|          0|
    |kernel_data_V_2_126                                                           |   27|   0|   27|          0|
    |kernel_data_V_2_127                                                           |   27|   0|   27|          0|
    |kernel_data_V_2_144                                                           |   27|   0|   27|          0|
    |kernel_data_V_2_145                                                           |   27|   0|   27|          0|
    |kernel_data_V_2_146                                                           |   27|   0|   27|          0|
    |kernel_data_V_2_147                                                           |   27|   0|   27|          0|
    |kernel_data_V_2_148                                                           |   27|   0|   27|          0|
    |kernel_data_V_2_149                                                           |   27|   0|   27|          0|
    |kernel_data_V_2_150                                                           |   27|   0|   27|          0|
    |kernel_data_V_2_151                                                           |   27|   0|   27|          0|
    |kernel_data_V_2_152                                                           |   27|   0|   27|          0|
    |kernel_data_V_2_153                                                           |   27|   0|   27|          0|
    |kernel_data_V_2_154                                                           |   27|   0|   27|          0|
    |kernel_data_V_2_155                                                           |   27|   0|   27|          0|
    |kernel_data_V_2_156                                                           |   27|   0|   27|          0|
    |kernel_data_V_2_157                                                           |   27|   0|   27|          0|
    |kernel_data_V_2_158                                                           |   27|   0|   27|          0|
    |kernel_data_V_2_159                                                           |   27|   0|   27|          0|
    |kernel_data_V_2_16                                                            |   27|   0|   27|          0|
    |kernel_data_V_2_160                                                           |   27|   0|   27|          0|
    |kernel_data_V_2_161                                                           |   27|   0|   27|          0|
    |kernel_data_V_2_162                                                           |   27|   0|   27|          0|
    |kernel_data_V_2_163                                                           |   27|   0|   27|          0|
    |kernel_data_V_2_164                                                           |   27|   0|   27|          0|
    |kernel_data_V_2_165                                                           |   27|   0|   27|          0|
    |kernel_data_V_2_166                                                           |   27|   0|   27|          0|
    |kernel_data_V_2_167                                                           |   27|   0|   27|          0|
    |kernel_data_V_2_168                                                           |   27|   0|   27|          0|
    |kernel_data_V_2_169                                                           |   27|   0|   27|          0|
    |kernel_data_V_2_17                                                            |   27|   0|   27|          0|
    |kernel_data_V_2_170                                                           |   27|   0|   27|          0|
    |kernel_data_V_2_171                                                           |   27|   0|   27|          0|
    |kernel_data_V_2_172                                                           |   27|   0|   27|          0|
    |kernel_data_V_2_173                                                           |   27|   0|   27|          0|
    |kernel_data_V_2_174                                                           |   27|   0|   27|          0|
    |kernel_data_V_2_175                                                           |   27|   0|   27|          0|
    |kernel_data_V_2_176                                                           |   27|   0|   27|          0|
    |kernel_data_V_2_177                                                           |   27|   0|   27|          0|
    |kernel_data_V_2_178                                                           |   27|   0|   27|          0|
    |kernel_data_V_2_179                                                           |   27|   0|   27|          0|
    |kernel_data_V_2_18                                                            |   27|   0|   27|          0|
    |kernel_data_V_2_180                                                           |   27|   0|   27|          0|
    |kernel_data_V_2_181                                                           |   27|   0|   27|          0|
    |kernel_data_V_2_182                                                           |   27|   0|   27|          0|
    |kernel_data_V_2_183                                                           |   27|   0|   27|          0|
    |kernel_data_V_2_184                                                           |   27|   0|   27|          0|
    |kernel_data_V_2_185                                                           |   27|   0|   27|          0|
    |kernel_data_V_2_186                                                           |   27|   0|   27|          0|
    |kernel_data_V_2_187                                                           |   27|   0|   27|          0|
    |kernel_data_V_2_188                                                           |   27|   0|   27|          0|
    |kernel_data_V_2_189                                                           |   27|   0|   27|          0|
    |kernel_data_V_2_19                                                            |   27|   0|   27|          0|
    |kernel_data_V_2_190                                                           |   27|   0|   27|          0|
    |kernel_data_V_2_191                                                           |   27|   0|   27|          0|
    |kernel_data_V_2_20                                                            |   27|   0|   27|          0|
    |kernel_data_V_2_208                                                           |   27|   0|   27|          0|
    |kernel_data_V_2_209                                                           |   27|   0|   27|          0|
    |kernel_data_V_2_21                                                            |   27|   0|   27|          0|
    |kernel_data_V_2_210                                                           |   27|   0|   27|          0|
    |kernel_data_V_2_211                                                           |   27|   0|   27|          0|
    |kernel_data_V_2_212                                                           |   27|   0|   27|          0|
    |kernel_data_V_2_213                                                           |   27|   0|   27|          0|
    |kernel_data_V_2_214                                                           |   27|   0|   27|          0|
    |kernel_data_V_2_215                                                           |   27|   0|   27|          0|
    |kernel_data_V_2_216                                                           |   27|   0|   27|          0|
    |kernel_data_V_2_217                                                           |   27|   0|   27|          0|
    |kernel_data_V_2_218                                                           |   27|   0|   27|          0|
    |kernel_data_V_2_219                                                           |   27|   0|   27|          0|
    |kernel_data_V_2_22                                                            |   27|   0|   27|          0|
    |kernel_data_V_2_220                                                           |   27|   0|   27|          0|
    |kernel_data_V_2_221                                                           |   27|   0|   27|          0|
    |kernel_data_V_2_222                                                           |   27|   0|   27|          0|
    |kernel_data_V_2_223                                                           |   27|   0|   27|          0|
    |kernel_data_V_2_224                                                           |   27|   0|   27|          0|
    |kernel_data_V_2_225                                                           |   27|   0|   27|          0|
    |kernel_data_V_2_226                                                           |   27|   0|   27|          0|
    |kernel_data_V_2_227                                                           |   27|   0|   27|          0|
    |kernel_data_V_2_228                                                           |   27|   0|   27|          0|
    |kernel_data_V_2_229                                                           |   27|   0|   27|          0|
    |kernel_data_V_2_23                                                            |   27|   0|   27|          0|
    |kernel_data_V_2_230                                                           |   27|   0|   27|          0|
    |kernel_data_V_2_231                                                           |   27|   0|   27|          0|
    |kernel_data_V_2_232                                                           |   27|   0|   27|          0|
    |kernel_data_V_2_233                                                           |   27|   0|   27|          0|
    |kernel_data_V_2_234                                                           |   27|   0|   27|          0|
    |kernel_data_V_2_235                                                           |   27|   0|   27|          0|
    |kernel_data_V_2_236                                                           |   27|   0|   27|          0|
    |kernel_data_V_2_237                                                           |   27|   0|   27|          0|
    |kernel_data_V_2_238                                                           |   27|   0|   27|          0|
    |kernel_data_V_2_239                                                           |   27|   0|   27|          0|
    |kernel_data_V_2_24                                                            |   27|   0|   27|          0|
    |kernel_data_V_2_240                                                           |   27|   0|   27|          0|
    |kernel_data_V_2_241                                                           |   27|   0|   27|          0|
    |kernel_data_V_2_242                                                           |   27|   0|   27|          0|
    |kernel_data_V_2_243                                                           |   27|   0|   27|          0|
    |kernel_data_V_2_244                                                           |   27|   0|   27|          0|
    |kernel_data_V_2_245                                                           |   27|   0|   27|          0|
    |kernel_data_V_2_246                                                           |   27|   0|   27|          0|
    |kernel_data_V_2_247                                                           |   27|   0|   27|          0|
    |kernel_data_V_2_248                                                           |   27|   0|   27|          0|
    |kernel_data_V_2_249                                                           |   27|   0|   27|          0|
    |kernel_data_V_2_25                                                            |   27|   0|   27|          0|
    |kernel_data_V_2_250                                                           |   27|   0|   27|          0|
    |kernel_data_V_2_251                                                           |   27|   0|   27|          0|
    |kernel_data_V_2_252                                                           |   27|   0|   27|          0|
    |kernel_data_V_2_253                                                           |   27|   0|   27|          0|
    |kernel_data_V_2_254                                                           |   27|   0|   27|          0|
    |kernel_data_V_2_255                                                           |   27|   0|   27|          0|
    |kernel_data_V_2_26                                                            |   27|   0|   27|          0|
    |kernel_data_V_2_27                                                            |   27|   0|   27|          0|
    |kernel_data_V_2_28                                                            |   27|   0|   27|          0|
    |kernel_data_V_2_29                                                            |   27|   0|   27|          0|
    |kernel_data_V_2_30                                                            |   27|   0|   27|          0|
    |kernel_data_V_2_31                                                            |   27|   0|   27|          0|
    |kernel_data_V_2_32                                                            |   27|   0|   27|          0|
    |kernel_data_V_2_33                                                            |   27|   0|   27|          0|
    |kernel_data_V_2_34                                                            |   27|   0|   27|          0|
    |kernel_data_V_2_35                                                            |   27|   0|   27|          0|
    |kernel_data_V_2_36                                                            |   27|   0|   27|          0|
    |kernel_data_V_2_37                                                            |   27|   0|   27|          0|
    |kernel_data_V_2_38                                                            |   27|   0|   27|          0|
    |kernel_data_V_2_39                                                            |   27|   0|   27|          0|
    |kernel_data_V_2_40                                                            |   27|   0|   27|          0|
    |kernel_data_V_2_41                                                            |   27|   0|   27|          0|
    |kernel_data_V_2_42                                                            |   27|   0|   27|          0|
    |kernel_data_V_2_43                                                            |   27|   0|   27|          0|
    |kernel_data_V_2_44                                                            |   27|   0|   27|          0|
    |kernel_data_V_2_45                                                            |   27|   0|   27|          0|
    |kernel_data_V_2_46                                                            |   27|   0|   27|          0|
    |kernel_data_V_2_47                                                            |   27|   0|   27|          0|
    |kernel_data_V_2_48                                                            |   27|   0|   27|          0|
    |kernel_data_V_2_49                                                            |   27|   0|   27|          0|
    |kernel_data_V_2_50                                                            |   27|   0|   27|          0|
    |kernel_data_V_2_51                                                            |   27|   0|   27|          0|
    |kernel_data_V_2_52                                                            |   27|   0|   27|          0|
    |kernel_data_V_2_53                                                            |   27|   0|   27|          0|
    |kernel_data_V_2_54                                                            |   27|   0|   27|          0|
    |kernel_data_V_2_55                                                            |   27|   0|   27|          0|
    |kernel_data_V_2_56                                                            |   27|   0|   27|          0|
    |kernel_data_V_2_57                                                            |   27|   0|   27|          0|
    |kernel_data_V_2_58                                                            |   27|   0|   27|          0|
    |kernel_data_V_2_59                                                            |   27|   0|   27|          0|
    |kernel_data_V_2_60                                                            |   27|   0|   27|          0|
    |kernel_data_V_2_61                                                            |   27|   0|   27|          0|
    |kernel_data_V_2_62                                                            |   27|   0|   27|          0|
    |kernel_data_V_2_63                                                            |   27|   0|   27|          0|
    |kernel_data_V_2_80                                                            |   27|   0|   27|          0|
    |kernel_data_V_2_81                                                            |   27|   0|   27|          0|
    |kernel_data_V_2_82                                                            |   27|   0|   27|          0|
    |kernel_data_V_2_83                                                            |   27|   0|   27|          0|
    |kernel_data_V_2_84                                                            |   27|   0|   27|          0|
    |kernel_data_V_2_85                                                            |   27|   0|   27|          0|
    |kernel_data_V_2_86                                                            |   27|   0|   27|          0|
    |kernel_data_V_2_87                                                            |   27|   0|   27|          0|
    |kernel_data_V_2_88                                                            |   27|   0|   27|          0|
    |kernel_data_V_2_89                                                            |   27|   0|   27|          0|
    |kernel_data_V_2_90                                                            |   27|   0|   27|          0|
    |kernel_data_V_2_91                                                            |   27|   0|   27|          0|
    |kernel_data_V_2_92                                                            |   27|   0|   27|          0|
    |kernel_data_V_2_93                                                            |   27|   0|   27|          0|
    |kernel_data_V_2_94                                                            |   27|   0|   27|          0|
    |kernel_data_V_2_95                                                            |   27|   0|   27|          0|
    |kernel_data_V_2_96                                                            |   27|   0|   27|          0|
    |kernel_data_V_2_97                                                            |   27|   0|   27|          0|
    |kernel_data_V_2_98                                                            |   27|   0|   27|          0|
    |kernel_data_V_2_99                                                            |   27|   0|   27|          0|
    |pX_1                                                                          |   32|   0|   32|          0|
    |pY_1                                                                          |   32|   0|   32|          0|
    |pool_window_0_V_10_reg_5064                                                   |   27|   0|   27|          0|
    |pool_window_0_V_11_reg_5059                                                   |   27|   0|   27|          0|
    |pool_window_0_V_12_reg_5054                                                   |   27|   0|   27|          0|
    |pool_window_0_V_13_reg_5049                                                   |   27|   0|   27|          0|
    |pool_window_0_V_14_reg_5044                                                   |   27|   0|   27|          0|
    |pool_window_0_V_15_reg_5004                                                   |   27|   0|   27|          0|
    |pool_window_0_V_1_reg_5009                                                    |   27|   0|   27|          0|
    |pool_window_0_V_2_reg_5014                                                    |   27|   0|   27|          0|
    |pool_window_0_V_3_reg_5019                                                    |   27|   0|   27|          0|
    |pool_window_0_V_4_reg_5024                                                    |   27|   0|   27|          0|
    |pool_window_0_V_5_reg_5029                                                    |   27|   0|   27|          0|
    |pool_window_0_V_6_reg_5034                                                    |   27|   0|   27|          0|
    |pool_window_0_V_7_reg_5039                                                    |   27|   0|   27|          0|
    |pool_window_0_V_8_reg_5074                                                    |   27|   0|   27|          0|
    |pool_window_0_V_9_reg_5069                                                    |   27|   0|   27|          0|
    |pool_window_0_V_reg_5079                                                      |   27|   0|   27|          0|
    |pool_window_10_V_10_reg_5699                                                  |   27|   0|   27|          0|
    |pool_window_10_V_11_reg_5704                                                  |   27|   0|   27|          0|
    |pool_window_10_V_12_reg_5709                                                  |   27|   0|   27|          0|
    |pool_window_10_V_13_reg_5714                                                  |   27|   0|   27|          0|
    |pool_window_10_V_14_reg_5719                                                  |   27|   0|   27|          0|
    |pool_window_10_V_15_reg_5694                                                  |   27|   0|   27|          0|
    |pool_window_10_V_1_reg_5649                                                   |   27|   0|   27|          0|
    |pool_window_10_V_2_reg_5654                                                   |   27|   0|   27|          0|
    |pool_window_10_V_3_reg_5659                                                   |   27|   0|   27|          0|
    |pool_window_10_V_4_reg_5664                                                   |   27|   0|   27|          0|
    |pool_window_10_V_5_reg_5669                                                   |   27|   0|   27|          0|
    |pool_window_10_V_6_reg_5674                                                   |   27|   0|   27|          0|
    |pool_window_10_V_7_reg_5679                                                   |   27|   0|   27|          0|
    |pool_window_10_V_8_reg_5684                                                   |   27|   0|   27|          0|
    |pool_window_10_V_9_reg_5689                                                   |   27|   0|   27|          0|
    |pool_window_10_V_reg_5644                                                     |   27|   0|   27|          0|
    |pool_window_11_V_10_reg_5779                                                  |   27|   0|   27|          0|
    |pool_window_11_V_11_reg_5784                                                  |   27|   0|   27|          0|
    |pool_window_11_V_12_reg_5789                                                  |   27|   0|   27|          0|
    |pool_window_11_V_13_reg_5794                                                  |   27|   0|   27|          0|
    |pool_window_11_V_14_reg_5799                                                  |   27|   0|   27|          0|
    |pool_window_11_V_15_reg_5774                                                  |   27|   0|   27|          0|
    |pool_window_11_V_1_reg_5729                                                   |   27|   0|   27|          0|
    |pool_window_11_V_2_reg_5734                                                   |   27|   0|   27|          0|
    |pool_window_11_V_3_reg_5739                                                   |   27|   0|   27|          0|
    |pool_window_11_V_4_reg_5744                                                   |   27|   0|   27|          0|
    |pool_window_11_V_5_reg_5749                                                   |   27|   0|   27|          0|
    |pool_window_11_V_6_reg_5754                                                   |   27|   0|   27|          0|
    |pool_window_11_V_7_reg_5759                                                   |   27|   0|   27|          0|
    |pool_window_11_V_8_reg_5764                                                   |   27|   0|   27|          0|
    |pool_window_11_V_9_reg_5769                                                   |   27|   0|   27|          0|
    |pool_window_11_V_reg_5724                                                     |   27|   0|   27|          0|
    |pool_window_12_V_10_reg_4789                                                  |   27|   0|   27|          0|
    |pool_window_12_V_11_reg_4784                                                  |   27|   0|   27|          0|
    |pool_window_12_V_12_reg_4779                                                  |   27|   0|   27|          0|
    |pool_window_12_V_13_reg_4774                                                  |   27|   0|   27|          0|
    |pool_window_12_V_14_reg_4769                                                  |   27|   0|   27|          0|
    |pool_window_12_V_15_reg_4764                                                  |   27|   0|   27|          0|
    |pool_window_12_V_1_reg_4834                                                   |   27|   0|   27|          0|
    |pool_window_12_V_2_reg_4829                                                   |   27|   0|   27|          0|
    |pool_window_12_V_3_reg_4824                                                   |   27|   0|   27|          0|
    |pool_window_12_V_4_reg_4819                                                   |   27|   0|   27|          0|
    |pool_window_12_V_5_reg_4814                                                   |   27|   0|   27|          0|
    |pool_window_12_V_6_reg_4809                                                   |   27|   0|   27|          0|
    |pool_window_12_V_7_reg_4804                                                   |   27|   0|   27|          0|
    |pool_window_12_V_8_reg_4799                                                   |   27|   0|   27|          0|
    |pool_window_12_V_9_reg_4794                                                   |   27|   0|   27|          0|
    |pool_window_12_V_reg_4839                                                     |   27|   0|   27|          0|
    |pool_window_13_V_10_reg_5859                                                  |   27|   0|   27|          0|
    |pool_window_13_V_11_reg_5864                                                  |   27|   0|   27|          0|
    |pool_window_13_V_12_reg_5869                                                  |   27|   0|   27|          0|
    |pool_window_13_V_13_reg_5874                                                  |   27|   0|   27|          0|
    |pool_window_13_V_14_reg_5879                                                  |   27|   0|   27|          0|
    |pool_window_13_V_15_reg_5854                                                  |   27|   0|   27|          0|
    |pool_window_13_V_1_reg_5809                                                   |   27|   0|   27|          0|
    |pool_window_13_V_2_reg_5814                                                   |   27|   0|   27|          0|
    |pool_window_13_V_3_reg_5819                                                   |   27|   0|   27|          0|
    |pool_window_13_V_4_reg_5824                                                   |   27|   0|   27|          0|
    |pool_window_13_V_5_reg_5829                                                   |   27|   0|   27|          0|
    |pool_window_13_V_6_reg_5834                                                   |   27|   0|   27|          0|
    |pool_window_13_V_7_reg_5839                                                   |   27|   0|   27|          0|
    |pool_window_13_V_8_reg_5844                                                   |   27|   0|   27|          0|
    |pool_window_13_V_9_reg_5849                                                   |   27|   0|   27|          0|
    |pool_window_13_V_reg_5804                                                     |   27|   0|   27|          0|
    |pool_window_14_V_10_reg_5939                                                  |   27|   0|   27|          0|
    |pool_window_14_V_11_reg_5944                                                  |   27|   0|   27|          0|
    |pool_window_14_V_12_reg_5949                                                  |   27|   0|   27|          0|
    |pool_window_14_V_13_reg_5954                                                  |   27|   0|   27|          0|
    |pool_window_14_V_14_reg_5959                                                  |   27|   0|   27|          0|
    |pool_window_14_V_15_reg_5934                                                  |   27|   0|   27|          0|
    |pool_window_14_V_1_reg_5889                                                   |   27|   0|   27|          0|
    |pool_window_14_V_2_reg_5894                                                   |   27|   0|   27|          0|
    |pool_window_14_V_3_reg_5899                                                   |   27|   0|   27|          0|
    |pool_window_14_V_4_reg_5904                                                   |   27|   0|   27|          0|
    |pool_window_14_V_5_reg_5909                                                   |   27|   0|   27|          0|
    |pool_window_14_V_6_reg_5914                                                   |   27|   0|   27|          0|
    |pool_window_14_V_7_reg_5919                                                   |   27|   0|   27|          0|
    |pool_window_14_V_8_reg_5924                                                   |   27|   0|   27|          0|
    |pool_window_14_V_9_reg_5929                                                   |   27|   0|   27|          0|
    |pool_window_14_V_reg_5884                                                     |   27|   0|   27|          0|
    |pool_window_15_V_10_reg_6019                                                  |   27|   0|   27|          0|
    |pool_window_15_V_11_reg_6024                                                  |   27|   0|   27|          0|
    |pool_window_15_V_12_reg_6029                                                  |   27|   0|   27|          0|
    |pool_window_15_V_13_reg_6034                                                  |   27|   0|   27|          0|
    |pool_window_15_V_14_reg_6039                                                  |   27|   0|   27|          0|
    |pool_window_15_V_15_reg_6014                                                  |   27|   0|   27|          0|
    |pool_window_15_V_1_reg_5969                                                   |   27|   0|   27|          0|
    |pool_window_15_V_2_reg_5974                                                   |   27|   0|   27|          0|
    |pool_window_15_V_3_reg_5979                                                   |   27|   0|   27|          0|
    |pool_window_15_V_4_reg_5984                                                   |   27|   0|   27|          0|
    |pool_window_15_V_5_reg_5989                                                   |   27|   0|   27|          0|
    |pool_window_15_V_6_reg_5994                                                   |   27|   0|   27|          0|
    |pool_window_15_V_7_reg_5999                                                   |   27|   0|   27|          0|
    |pool_window_15_V_8_reg_6004                                                   |   27|   0|   27|          0|
    |pool_window_15_V_9_reg_6009                                                   |   27|   0|   27|          0|
    |pool_window_15_V_reg_5964                                                     |   27|   0|   27|          0|
    |pool_window_1_V_10_reg_5139                                                   |   27|   0|   27|          0|
    |pool_window_1_V_11_reg_5144                                                   |   27|   0|   27|          0|
    |pool_window_1_V_12_reg_5149                                                   |   27|   0|   27|          0|
    |pool_window_1_V_13_reg_5154                                                   |   27|   0|   27|          0|
    |pool_window_1_V_14_reg_5159                                                   |   27|   0|   27|          0|
    |pool_window_1_V_15_reg_5099                                                   |   27|   0|   27|          0|
    |pool_window_1_V_1_reg_5104                                                    |   27|   0|   27|          0|
    |pool_window_1_V_2_reg_5109                                                    |   27|   0|   27|          0|
    |pool_window_1_V_3_reg_5114                                                    |   27|   0|   27|          0|
    |pool_window_1_V_4_reg_5119                                                    |   27|   0|   27|          0|
    |pool_window_1_V_5_reg_5124                                                    |   27|   0|   27|          0|
    |pool_window_1_V_6_reg_5129                                                    |   27|   0|   27|          0|
    |pool_window_1_V_7_reg_5134                                                    |   27|   0|   27|          0|
    |pool_window_1_V_8_reg_5089                                                    |   27|   0|   27|          0|
    |pool_window_1_V_9_reg_5094                                                    |   27|   0|   27|          0|
    |pool_window_1_V_reg_5084                                                      |   27|   0|   27|          0|
    |pool_window_2_V_10_reg_5219                                                   |   27|   0|   27|          0|
    |pool_window_2_V_11_reg_5224                                                   |   27|   0|   27|          0|
    |pool_window_2_V_12_reg_5229                                                   |   27|   0|   27|          0|
    |pool_window_2_V_13_reg_5234                                                   |   27|   0|   27|          0|
    |pool_window_2_V_14_reg_5239                                                   |   27|   0|   27|          0|
    |pool_window_2_V_15_reg_5179                                                   |   27|   0|   27|          0|
    |pool_window_2_V_1_reg_5184                                                    |   27|   0|   27|          0|
    |pool_window_2_V_2_reg_5189                                                    |   27|   0|   27|          0|
    |pool_window_2_V_3_reg_5194                                                    |   27|   0|   27|          0|
    |pool_window_2_V_4_reg_5199                                                    |   27|   0|   27|          0|
    |pool_window_2_V_5_reg_5204                                                    |   27|   0|   27|          0|
    |pool_window_2_V_6_reg_5209                                                    |   27|   0|   27|          0|
    |pool_window_2_V_7_reg_5214                                                    |   27|   0|   27|          0|
    |pool_window_2_V_8_reg_5169                                                    |   27|   0|   27|          0|
    |pool_window_2_V_9_reg_5174                                                    |   27|   0|   27|          0|
    |pool_window_2_V_reg_5164                                                      |   27|   0|   27|          0|
    |pool_window_3_V_10_reg_5299                                                   |   27|   0|   27|          0|
    |pool_window_3_V_11_reg_5304                                                   |   27|   0|   27|          0|
    |pool_window_3_V_12_reg_5309                                                   |   27|   0|   27|          0|
    |pool_window_3_V_13_reg_5314                                                   |   27|   0|   27|          0|
    |pool_window_3_V_14_reg_5319                                                   |   27|   0|   27|          0|
    |pool_window_3_V_15_reg_5259                                                   |   27|   0|   27|          0|
    |pool_window_3_V_1_reg_5264                                                    |   27|   0|   27|          0|
    |pool_window_3_V_2_reg_5269                                                    |   27|   0|   27|          0|
    |pool_window_3_V_3_reg_5274                                                    |   27|   0|   27|          0|
    |pool_window_3_V_4_reg_5279                                                    |   27|   0|   27|          0|
    |pool_window_3_V_5_reg_5284                                                    |   27|   0|   27|          0|
    |pool_window_3_V_6_reg_5289                                                    |   27|   0|   27|          0|
    |pool_window_3_V_7_reg_5294                                                    |   27|   0|   27|          0|
    |pool_window_3_V_8_reg_5249                                                    |   27|   0|   27|          0|
    |pool_window_3_V_9_reg_5254                                                    |   27|   0|   27|          0|
    |pool_window_3_V_reg_5244                                                      |   27|   0|   27|          0|
    |pool_window_4_V_10_reg_4984                                                   |   27|   0|   27|          0|
    |pool_window_4_V_11_reg_4979                                                   |   27|   0|   27|          0|
    |pool_window_4_V_12_reg_4974                                                   |   27|   0|   27|          0|
    |pool_window_4_V_13_reg_4969                                                   |   27|   0|   27|          0|
    |pool_window_4_V_14_reg_4964                                                   |   27|   0|   27|          0|
    |pool_window_4_V_15_reg_4924                                                   |   27|   0|   27|          0|
    |pool_window_4_V_1_reg_4929                                                    |   27|   0|   27|          0|
    |pool_window_4_V_2_reg_4934                                                    |   27|   0|   27|          0|
    |pool_window_4_V_3_reg_4939                                                    |   27|   0|   27|          0|
    |pool_window_4_V_4_reg_4944                                                    |   27|   0|   27|          0|
    |pool_window_4_V_5_reg_4949                                                    |   27|   0|   27|          0|
    |pool_window_4_V_6_reg_4954                                                    |   27|   0|   27|          0|
    |pool_window_4_V_7_reg_4959                                                    |   27|   0|   27|          0|
    |pool_window_4_V_8_reg_4994                                                    |   27|   0|   27|          0|
    |pool_window_4_V_9_reg_4989                                                    |   27|   0|   27|          0|
    |pool_window_4_V_reg_4999                                                      |   27|   0|   27|          0|
    |pool_window_5_V_10_reg_5379                                                   |   27|   0|   27|          0|
    |pool_window_5_V_11_reg_5384                                                   |   27|   0|   27|          0|
    |pool_window_5_V_12_reg_5389                                                   |   27|   0|   27|          0|
    |pool_window_5_V_13_reg_5394                                                   |   27|   0|   27|          0|
    |pool_window_5_V_14_reg_5399                                                   |   27|   0|   27|          0|
    |pool_window_5_V_15_reg_5339                                                   |   27|   0|   27|          0|
    |pool_window_5_V_1_reg_5344                                                    |   27|   0|   27|          0|
    |pool_window_5_V_2_reg_5349                                                    |   27|   0|   27|          0|
    |pool_window_5_V_3_reg_5354                                                    |   27|   0|   27|          0|
    |pool_window_5_V_4_reg_5359                                                    |   27|   0|   27|          0|
    |pool_window_5_V_5_reg_5364                                                    |   27|   0|   27|          0|
    |pool_window_5_V_6_reg_5369                                                    |   27|   0|   27|          0|
    |pool_window_5_V_7_reg_5374                                                    |   27|   0|   27|          0|
    |pool_window_5_V_8_reg_5329                                                    |   27|   0|   27|          0|
    |pool_window_5_V_9_reg_5334                                                    |   27|   0|   27|          0|
    |pool_window_5_V_reg_5324                                                      |   27|   0|   27|          0|
    |pool_window_6_V_10_reg_5459                                                   |   27|   0|   27|          0|
    |pool_window_6_V_11_reg_5464                                                   |   27|   0|   27|          0|
    |pool_window_6_V_12_reg_5469                                                   |   27|   0|   27|          0|
    |pool_window_6_V_13_reg_5474                                                   |   27|   0|   27|          0|
    |pool_window_6_V_14_reg_5479                                                   |   27|   0|   27|          0|
    |pool_window_6_V_15_reg_5419                                                   |   27|   0|   27|          0|
    |pool_window_6_V_1_reg_5424                                                    |   27|   0|   27|          0|
    |pool_window_6_V_2_reg_5429                                                    |   27|   0|   27|          0|
    |pool_window_6_V_3_reg_5434                                                    |   27|   0|   27|          0|
    |pool_window_6_V_4_reg_5439                                                    |   27|   0|   27|          0|
    |pool_window_6_V_5_reg_5444                                                    |   27|   0|   27|          0|
    |pool_window_6_V_6_reg_5449                                                    |   27|   0|   27|          0|
    |pool_window_6_V_7_reg_5454                                                    |   27|   0|   27|          0|
    |pool_window_6_V_8_reg_5409                                                    |   27|   0|   27|          0|
    |pool_window_6_V_9_reg_5414                                                    |   27|   0|   27|          0|
    |pool_window_6_V_reg_5404                                                      |   27|   0|   27|          0|
    |pool_window_7_V_10_reg_5539                                                   |   27|   0|   27|          0|
    |pool_window_7_V_11_reg_5544                                                   |   27|   0|   27|          0|
    |pool_window_7_V_12_reg_5549                                                   |   27|   0|   27|          0|
    |pool_window_7_V_13_reg_5554                                                   |   27|   0|   27|          0|
    |pool_window_7_V_14_reg_5559                                                   |   27|   0|   27|          0|
    |pool_window_7_V_15_reg_5499                                                   |   27|   0|   27|          0|
    |pool_window_7_V_1_reg_5504                                                    |   27|   0|   27|          0|
    |pool_window_7_V_2_reg_5509                                                    |   27|   0|   27|          0|
    |pool_window_7_V_3_reg_5514                                                    |   27|   0|   27|          0|
    |pool_window_7_V_4_reg_5519                                                    |   27|   0|   27|          0|
    |pool_window_7_V_5_reg_5524                                                    |   27|   0|   27|          0|
    |pool_window_7_V_6_reg_5529                                                    |   27|   0|   27|          0|
    |pool_window_7_V_7_reg_5534                                                    |   27|   0|   27|          0|
    |pool_window_7_V_8_reg_5489                                                    |   27|   0|   27|          0|
    |pool_window_7_V_9_reg_5494                                                    |   27|   0|   27|          0|
    |pool_window_7_V_reg_5484                                                      |   27|   0|   27|          0|
    |pool_window_8_V_10_reg_4869                                                   |   27|   0|   27|          0|
    |pool_window_8_V_11_reg_4864                                                   |   27|   0|   27|          0|
    |pool_window_8_V_12_reg_4859                                                   |   27|   0|   27|          0|
    |pool_window_8_V_13_reg_4854                                                   |   27|   0|   27|          0|
    |pool_window_8_V_14_reg_4849                                                   |   27|   0|   27|          0|
    |pool_window_8_V_15_reg_4844                                                   |   27|   0|   27|          0|
    |pool_window_8_V_1_reg_4914                                                    |   27|   0|   27|          0|
    |pool_window_8_V_2_reg_4909                                                    |   27|   0|   27|          0|
    |pool_window_8_V_3_reg_4904                                                    |   27|   0|   27|          0|
    |pool_window_8_V_4_reg_4899                                                    |   27|   0|   27|          0|
    |pool_window_8_V_5_reg_4894                                                    |   27|   0|   27|          0|
    |pool_window_8_V_6_reg_4889                                                    |   27|   0|   27|          0|
    |pool_window_8_V_7_reg_4884                                                    |   27|   0|   27|          0|
    |pool_window_8_V_8_reg_4879                                                    |   27|   0|   27|          0|
    |pool_window_8_V_9_reg_4874                                                    |   27|   0|   27|          0|
    |pool_window_8_V_reg_4919                                                      |   27|   0|   27|          0|
    |pool_window_9_V_10_reg_5619                                                   |   27|   0|   27|          0|
    |pool_window_9_V_11_reg_5624                                                   |   27|   0|   27|          0|
    |pool_window_9_V_12_reg_5629                                                   |   27|   0|   27|          0|
    |pool_window_9_V_13_reg_5634                                                   |   27|   0|   27|          0|
    |pool_window_9_V_14_reg_5639                                                   |   27|   0|   27|          0|
    |pool_window_9_V_15_reg_5614                                                   |   27|   0|   27|          0|
    |pool_window_9_V_1_reg_5569                                                    |   27|   0|   27|          0|
    |pool_window_9_V_2_reg_5574                                                    |   27|   0|   27|          0|
    |pool_window_9_V_3_reg_5579                                                    |   27|   0|   27|          0|
    |pool_window_9_V_4_reg_5584                                                    |   27|   0|   27|          0|
    |pool_window_9_V_5_reg_5589                                                    |   27|   0|   27|          0|
    |pool_window_9_V_6_reg_5594                                                    |   27|   0|   27|          0|
    |pool_window_9_V_7_reg_5599                                                    |   27|   0|   27|          0|
    |pool_window_9_V_8_reg_5604                                                    |   27|   0|   27|          0|
    |pool_window_9_V_9_reg_5609                                                    |   27|   0|   27|          0|
    |pool_window_9_V_reg_5564                                                      |   27|   0|   27|          0|
    |sX_1                                                                          |   32|   0|   32|          0|
    |sY_1                                                                          |   32|   0|   32|          0|
    |start_once_reg                                                                |    1|   0|    1|          0|
    |and_ln185_4_reg_4747                                                          |   64|  32|    1|          0|
    +------------------------------------------------------------------------------+-----+----+-----+-----------+
    |Total                                                                         |12342|  32|12279|          0|
    +------------------------------------------------------------------------------+-----+----+-----+-----------+



================================================================
== Interface
================================================================
* Summary: 
+--------------------------+-----+-----+------------+-------------------------------------------------+--------------+
|         RTL Ports        | Dir | Bits|  Protocol  |                  Source Object                  |    C Type    |
+--------------------------+-----+-----+------------+-------------------------------------------------+--------------+
|ap_clk                    |  in |    1| ap_ctrl_hs | pooling2d_cl<array,array<ap_fixed,16u>,config9> | return value |
|ap_rst                    |  in |    1| ap_ctrl_hs | pooling2d_cl<array,array<ap_fixed,16u>,config9> | return value |
|ap_start                  |  in |    1| ap_ctrl_hs | pooling2d_cl<array,array<ap_fixed,16u>,config9> | return value |
|start_full_n              |  in |    1| ap_ctrl_hs | pooling2d_cl<array,array<ap_fixed,16u>,config9> | return value |
|ap_done                   | out |    1| ap_ctrl_hs | pooling2d_cl<array,array<ap_fixed,16u>,config9> | return value |
|ap_continue               |  in |    1| ap_ctrl_hs | pooling2d_cl<array,array<ap_fixed,16u>,config9> | return value |
|ap_idle                   | out |    1| ap_ctrl_hs | pooling2d_cl<array,array<ap_fixed,16u>,config9> | return value |
|ap_ready                  | out |    1| ap_ctrl_hs | pooling2d_cl<array,array<ap_fixed,16u>,config9> | return value |
|start_out                 | out |    1| ap_ctrl_hs | pooling2d_cl<array,array<ap_fixed,16u>,config9> | return value |
|start_write               | out |    1| ap_ctrl_hs | pooling2d_cl<array,array<ap_fixed,16u>,config9> | return value |
|data_V_data_0_V_dout      |  in |   27|   ap_fifo  |                 data_V_data_0_V                 |    pointer   |
|data_V_data_0_V_empty_n   |  in |    1|   ap_fifo  |                 data_V_data_0_V                 |    pointer   |
|data_V_data_0_V_read      | out |    1|   ap_fifo  |                 data_V_data_0_V                 |    pointer   |
|data_V_data_1_V_dout      |  in |   27|   ap_fifo  |                 data_V_data_1_V                 |    pointer   |
|data_V_data_1_V_empty_n   |  in |    1|   ap_fifo  |                 data_V_data_1_V                 |    pointer   |
|data_V_data_1_V_read      | out |    1|   ap_fifo  |                 data_V_data_1_V                 |    pointer   |
|data_V_data_2_V_dout      |  in |   27|   ap_fifo  |                 data_V_data_2_V                 |    pointer   |
|data_V_data_2_V_empty_n   |  in |    1|   ap_fifo  |                 data_V_data_2_V                 |    pointer   |
|data_V_data_2_V_read      | out |    1|   ap_fifo  |                 data_V_data_2_V                 |    pointer   |
|data_V_data_3_V_dout      |  in |   27|   ap_fifo  |                 data_V_data_3_V                 |    pointer   |
|data_V_data_3_V_empty_n   |  in |    1|   ap_fifo  |                 data_V_data_3_V                 |    pointer   |
|data_V_data_3_V_read      | out |    1|   ap_fifo  |                 data_V_data_3_V                 |    pointer   |
|data_V_data_4_V_dout      |  in |   27|   ap_fifo  |                 data_V_data_4_V                 |    pointer   |
|data_V_data_4_V_empty_n   |  in |    1|   ap_fifo  |                 data_V_data_4_V                 |    pointer   |
|data_V_data_4_V_read      | out |    1|   ap_fifo  |                 data_V_data_4_V                 |    pointer   |
|data_V_data_5_V_dout      |  in |   27|   ap_fifo  |                 data_V_data_5_V                 |    pointer   |
|data_V_data_5_V_empty_n   |  in |    1|   ap_fifo  |                 data_V_data_5_V                 |    pointer   |
|data_V_data_5_V_read      | out |    1|   ap_fifo  |                 data_V_data_5_V                 |    pointer   |
|data_V_data_6_V_dout      |  in |   27|   ap_fifo  |                 data_V_data_6_V                 |    pointer   |
|data_V_data_6_V_empty_n   |  in |    1|   ap_fifo  |                 data_V_data_6_V                 |    pointer   |
|data_V_data_6_V_read      | out |    1|   ap_fifo  |                 data_V_data_6_V                 |    pointer   |
|data_V_data_7_V_dout      |  in |   27|   ap_fifo  |                 data_V_data_7_V                 |    pointer   |
|data_V_data_7_V_empty_n   |  in |    1|   ap_fifo  |                 data_V_data_7_V                 |    pointer   |
|data_V_data_7_V_read      | out |    1|   ap_fifo  |                 data_V_data_7_V                 |    pointer   |
|data_V_data_8_V_dout      |  in |   27|   ap_fifo  |                 data_V_data_8_V                 |    pointer   |
|data_V_data_8_V_empty_n   |  in |    1|   ap_fifo  |                 data_V_data_8_V                 |    pointer   |
|data_V_data_8_V_read      | out |    1|   ap_fifo  |                 data_V_data_8_V                 |    pointer   |
|data_V_data_9_V_dout      |  in |   27|   ap_fifo  |                 data_V_data_9_V                 |    pointer   |
|data_V_data_9_V_empty_n   |  in |    1|   ap_fifo  |                 data_V_data_9_V                 |    pointer   |
|data_V_data_9_V_read      | out |    1|   ap_fifo  |                 data_V_data_9_V                 |    pointer   |
|data_V_data_10_V_dout     |  in |   27|   ap_fifo  |                 data_V_data_10_V                |    pointer   |
|data_V_data_10_V_empty_n  |  in |    1|   ap_fifo  |                 data_V_data_10_V                |    pointer   |
|data_V_data_10_V_read     | out |    1|   ap_fifo  |                 data_V_data_10_V                |    pointer   |
|data_V_data_11_V_dout     |  in |   27|   ap_fifo  |                 data_V_data_11_V                |    pointer   |
|data_V_data_11_V_empty_n  |  in |    1|   ap_fifo  |                 data_V_data_11_V                |    pointer   |
|data_V_data_11_V_read     | out |    1|   ap_fifo  |                 data_V_data_11_V                |    pointer   |
|data_V_data_12_V_dout     |  in |   27|   ap_fifo  |                 data_V_data_12_V                |    pointer   |
|data_V_data_12_V_empty_n  |  in |    1|   ap_fifo  |                 data_V_data_12_V                |    pointer   |
|data_V_data_12_V_read     | out |    1|   ap_fifo  |                 data_V_data_12_V                |    pointer   |
|data_V_data_13_V_dout     |  in |   27|   ap_fifo  |                 data_V_data_13_V                |    pointer   |
|data_V_data_13_V_empty_n  |  in |    1|   ap_fifo  |                 data_V_data_13_V                |    pointer   |
|data_V_data_13_V_read     | out |    1|   ap_fifo  |                 data_V_data_13_V                |    pointer   |
|data_V_data_14_V_dout     |  in |   27|   ap_fifo  |                 data_V_data_14_V                |    pointer   |
|data_V_data_14_V_empty_n  |  in |    1|   ap_fifo  |                 data_V_data_14_V                |    pointer   |
|data_V_data_14_V_read     | out |    1|   ap_fifo  |                 data_V_data_14_V                |    pointer   |
|data_V_data_15_V_dout     |  in |   27|   ap_fifo  |                 data_V_data_15_V                |    pointer   |
|data_V_data_15_V_empty_n  |  in |    1|   ap_fifo  |                 data_V_data_15_V                |    pointer   |
|data_V_data_15_V_read     | out |    1|   ap_fifo  |                 data_V_data_15_V                |    pointer   |
|res_V_data_0_V_din        | out |   27|   ap_fifo  |                  res_V_data_0_V                 |    pointer   |
|res_V_data_0_V_full_n     |  in |    1|   ap_fifo  |                  res_V_data_0_V                 |    pointer   |
|res_V_data_0_V_write      | out |    1|   ap_fifo  |                  res_V_data_0_V                 |    pointer   |
|res_V_data_1_V_din        | out |   27|   ap_fifo  |                  res_V_data_1_V                 |    pointer   |
|res_V_data_1_V_full_n     |  in |    1|   ap_fifo  |                  res_V_data_1_V                 |    pointer   |
|res_V_data_1_V_write      | out |    1|   ap_fifo  |                  res_V_data_1_V                 |    pointer   |
|res_V_data_2_V_din        | out |   27|   ap_fifo  |                  res_V_data_2_V                 |    pointer   |
|res_V_data_2_V_full_n     |  in |    1|   ap_fifo  |                  res_V_data_2_V                 |    pointer   |
|res_V_data_2_V_write      | out |    1|   ap_fifo  |                  res_V_data_2_V                 |    pointer   |
|res_V_data_3_V_din        | out |   27|   ap_fifo  |                  res_V_data_3_V                 |    pointer   |
|res_V_data_3_V_full_n     |  in |    1|   ap_fifo  |                  res_V_data_3_V                 |    pointer   |
|res_V_data_3_V_write      | out |    1|   ap_fifo  |                  res_V_data_3_V                 |    pointer   |
|res_V_data_4_V_din        | out |   27|   ap_fifo  |                  res_V_data_4_V                 |    pointer   |
|res_V_data_4_V_full_n     |  in |    1|   ap_fifo  |                  res_V_data_4_V                 |    pointer   |
|res_V_data_4_V_write      | out |    1|   ap_fifo  |                  res_V_data_4_V                 |    pointer   |
|res_V_data_5_V_din        | out |   27|   ap_fifo  |                  res_V_data_5_V                 |    pointer   |
|res_V_data_5_V_full_n     |  in |    1|   ap_fifo  |                  res_V_data_5_V                 |    pointer   |
|res_V_data_5_V_write      | out |    1|   ap_fifo  |                  res_V_data_5_V                 |    pointer   |
|res_V_data_6_V_din        | out |   27|   ap_fifo  |                  res_V_data_6_V                 |    pointer   |
|res_V_data_6_V_full_n     |  in |    1|   ap_fifo  |                  res_V_data_6_V                 |    pointer   |
|res_V_data_6_V_write      | out |    1|   ap_fifo  |                  res_V_data_6_V                 |    pointer   |
|res_V_data_7_V_din        | out |   27|   ap_fifo  |                  res_V_data_7_V                 |    pointer   |
|res_V_data_7_V_full_n     |  in |    1|   ap_fifo  |                  res_V_data_7_V                 |    pointer   |
|res_V_data_7_V_write      | out |    1|   ap_fifo  |                  res_V_data_7_V                 |    pointer   |
|res_V_data_8_V_din        | out |   27|   ap_fifo  |                  res_V_data_8_V                 |    pointer   |
|res_V_data_8_V_full_n     |  in |    1|   ap_fifo  |                  res_V_data_8_V                 |    pointer   |
|res_V_data_8_V_write      | out |    1|   ap_fifo  |                  res_V_data_8_V                 |    pointer   |
|res_V_data_9_V_din        | out |   27|   ap_fifo  |                  res_V_data_9_V                 |    pointer   |
|res_V_data_9_V_full_n     |  in |    1|   ap_fifo  |                  res_V_data_9_V                 |    pointer   |
|res_V_data_9_V_write      | out |    1|   ap_fifo  |                  res_V_data_9_V                 |    pointer   |
|res_V_data_10_V_din       | out |   27|   ap_fifo  |                 res_V_data_10_V                 |    pointer   |
|res_V_data_10_V_full_n    |  in |    1|   ap_fifo  |                 res_V_data_10_V                 |    pointer   |
|res_V_data_10_V_write     | out |    1|   ap_fifo  |                 res_V_data_10_V                 |    pointer   |
|res_V_data_11_V_din       | out |   27|   ap_fifo  |                 res_V_data_11_V                 |    pointer   |
|res_V_data_11_V_full_n    |  in |    1|   ap_fifo  |                 res_V_data_11_V                 |    pointer   |
|res_V_data_11_V_write     | out |    1|   ap_fifo  |                 res_V_data_11_V                 |    pointer   |
|res_V_data_12_V_din       | out |   27|   ap_fifo  |                 res_V_data_12_V                 |    pointer   |
|res_V_data_12_V_full_n    |  in |    1|   ap_fifo  |                 res_V_data_12_V                 |    pointer   |
|res_V_data_12_V_write     | out |    1|   ap_fifo  |                 res_V_data_12_V                 |    pointer   |
|res_V_data_13_V_din       | out |   27|   ap_fifo  |                 res_V_data_13_V                 |    pointer   |
|res_V_data_13_V_full_n    |  in |    1|   ap_fifo  |                 res_V_data_13_V                 |    pointer   |
|res_V_data_13_V_write     | out |    1|   ap_fifo  |                 res_V_data_13_V                 |    pointer   |
|res_V_data_14_V_din       | out |   27|   ap_fifo  |                 res_V_data_14_V                 |    pointer   |
|res_V_data_14_V_full_n    |  in |    1|   ap_fifo  |                 res_V_data_14_V                 |    pointer   |
|res_V_data_14_V_write     | out |    1|   ap_fifo  |                 res_V_data_14_V                 |    pointer   |
|res_V_data_15_V_din       | out |   27|   ap_fifo  |                 res_V_data_15_V                 |    pointer   |
|res_V_data_15_V_full_n    |  in |    1|   ap_fifo  |                 res_V_data_15_V                 |    pointer   |
|res_V_data_15_V_write     | out |    1|   ap_fifo  |                 res_V_data_15_V                 |    pointer   |
+--------------------------+-----+-----+------------+-------------------------------------------------+--------------+

