

================================================================
== Vivado HLS Report for 'reduce_ap_fixed_16_Op_max_ap_fixed_27_9_4_0_0_s'
================================================================
* Date:           Sat Aug  8 08:22:51 2020

* Version:        2020.1 (Build 2897737 on Wed May 27 20:21:37 MDT 2020)
* Project:        myproject_prj
* Solution:       solution1
* Product family: virtexuplus
* Target device:  xcu250-figd2104-2L-e


================================================================
== Performance Estimates
================================================================
+ Timing: 
    * Summary: 
    +--------+---------+----------+------------+
    |  Clock |  Target | Estimated| Uncertainty|
    +--------+---------+----------+------------+
    |ap_clk  | 5.00 ns | 3.406 ns |   0.62 ns  |
    +--------+---------+----------+------------+

+ Latency: 
    * Summary: 
    +---------+---------+----------+----------+-----+-----+----------+
    |  Latency (cycles) |  Latency (absolute) |  Interval | Pipeline |
    |   min   |   max   |    min   |    max   | min | max |   Type   |
    +---------+---------+----------+----------+-----+-----+----------+
    |        1|        1| 5.000 ns | 5.000 ns |    1|    1| function |
    +---------+---------+----------+----------+-----+-----+----------+

    + Detail: 
        * Instance: 
        N/A

        * Loop: 
        N/A



================================================================
== Utilization Estimates
================================================================
* Summary: 
+---------------------+---------+-------+---------+---------+------+
|         Name        | BRAM_18K| DSP48E|    FF   |   LUT   | URAM |
+---------------------+---------+-------+---------+---------+------+
|DSP                  |        -|      -|        -|        -|     -|
|Expression           |        -|      -|        0|      705|     -|
|FIFO                 |        -|      -|        -|        -|     -|
|Instance             |        -|      -|        -|        -|     -|
|Memory               |        -|      -|        -|        -|     -|
|Multiplexer          |        -|      -|        -|        9|     -|
|Register             |        -|      -|       82|        -|     -|
+---------------------+---------+-------+---------+---------+------+
|Total                |        0|      0|       82|      714|     0|
+---------------------+---------+-------+---------+---------+------+
|Available SLR        |     1344|   3072|   864000|   432000|   320|
+---------------------+---------+-------+---------+---------+------+
|Utilization SLR (%)  |        0|      0|    ~0   |    ~0   |     0|
+---------------------+---------+-------+---------+---------+------+
|Available            |     5376|  12288|  3456000|  1728000|  1280|
+---------------------+---------+-------+---------+---------+------+
|Utilization (%)      |        0|      0|    ~0   |    ~0   |     0|
+---------------------+---------+-------+---------+---------+------+

+ Detail: 
    * Instance: 
    N/A

    * DSP48E: 
    N/A

    * Memory: 
    N/A

    * FIFO: 
    N/A

    * Expression: 
    +--------------------------+----------+-------+---+----+------------+------------+
    |       Variable Name      | Operation| DSP48E| FF| LUT| Bitwidth P0| Bitwidth P1|
    +--------------------------+----------+-------+---+----+------------+------------+
    |icmp_ln1496_10_fu_186_p2  |   icmp   |      0|  0|  20|          27|          27|
    |icmp_ln1496_11_fu_200_p2  |   icmp   |      0|  0|  20|          27|          27|
    |icmp_ln1496_12_fu_214_p2  |   icmp   |      0|  0|  20|          27|          27|
    |icmp_ln1496_13_fu_228_p2  |   icmp   |      0|  0|  20|          27|          27|
    |icmp_ln1496_14_fu_242_p2  |   icmp   |      0|  0|  20|          27|          27|
    |icmp_ln1496_15_fu_256_p2  |   icmp   |      0|  0|  20|          27|          27|
    |icmp_ln1496_16_fu_270_p2  |   icmp   |      0|  0|  20|          27|          27|
    |icmp_ln1496_17_fu_284_p2  |   icmp   |      0|  0|  20|          27|          27|
    |icmp_ln1496_18_fu_298_p2  |   icmp   |      0|  0|  20|          27|          27|
    |icmp_ln1496_19_fu_312_p2  |   icmp   |      0|  0|  20|          27|          27|
    |icmp_ln1496_20_fu_326_p2  |   icmp   |      0|  0|  20|          27|          27|
    |icmp_ln1496_7_fu_144_p2   |   icmp   |      0|  0|  20|          27|          27|
    |icmp_ln1496_8_fu_158_p2   |   icmp   |      0|  0|  20|          27|          27|
    |icmp_ln1496_9_fu_172_p2   |   icmp   |      0|  0|  20|          27|          27|
    |icmp_ln1496_fu_130_p2     |   icmp   |      0|  0|  20|          27|          27|
    |select_ln86_10_fu_192_p3  |  select  |      0|  0|  27|           1|          27|
    |select_ln86_11_fu_206_p3  |  select  |      0|  0|  27|           1|          27|
    |select_ln86_12_fu_220_p3  |  select  |      0|  0|  27|           1|          27|
    |select_ln86_13_fu_234_p3  |  select  |      0|  0|  27|           1|          27|
    |select_ln86_14_fu_248_p3  |  select  |      0|  0|  27|           1|          27|
    |select_ln86_15_fu_262_p3  |  select  |      0|  0|  27|           1|          27|
    |select_ln86_16_fu_276_p3  |  select  |      0|  0|  27|           1|          27|
    |select_ln86_17_fu_290_p3  |  select  |      0|  0|  27|           1|          27|
    |select_ln86_18_fu_304_p3  |  select  |      0|  0|  27|           1|          27|
    |select_ln86_19_fu_318_p3  |  select  |      0|  0|  27|           1|          27|
    |select_ln86_20_fu_330_p3  |  select  |      0|  0|  27|           1|          27|
    |select_ln86_7_fu_150_p3   |  select  |      0|  0|  27|           1|          27|
    |select_ln86_8_fu_164_p3   |  select  |      0|  0|  27|           1|          27|
    |select_ln86_9_fu_178_p3   |  select  |      0|  0|  27|           1|          27|
    |select_ln86_fu_136_p3     |  select  |      0|  0|  27|           1|          27|
    +--------------------------+----------+-------+---+----+------------+------------+
    |Total                     |          |      0|  0| 705|         420|         810|
    +--------------------------+----------+-------+---+----+------------+------------+

    * Multiplexer: 
    +-----------+----+-----------+-----+-----------+
    |    Name   | LUT| Input Size| Bits| Total Bits|
    +-----------+----+-----------+-----+-----------+
    |ap_return  |   9|          2|   27|         54|
    +-----------+----+-----------+-----+-----------+
    |Total      |   9|          2|   27|         54|
    +-----------+----+-----------+-----+-----------+

    * Register: 
    +------------------------+----+----+-----+-----------+
    |          Name          | FF | LUT| Bits| Const Bits|
    +------------------------+----+----+-----+-----------+
    |ap_ce_reg               |   1|   0|    1|          0|
    |ap_return_int_reg       |  27|   0|   27|          0|
    |select_ln86_12_reg_336  |  27|   0|   27|          0|
    |select_ln86_19_reg_342  |  27|   0|   27|          0|
    +------------------------+----+----+-----+-----------+
    |Total                   |  82|   0|   82|          0|
    +------------------------+----+----+-----+-----------+



================================================================
== Interface
================================================================
* Summary: 
+-------------+-----+-----+------------+--------------------------------------------------+--------------+
|  RTL Ports  | Dir | Bits|  Protocol  |                   Source Object                  |    C Type    |
+-------------+-----+-----+------------+--------------------------------------------------+--------------+
|ap_clk       |  in |    1| ap_ctrl_hs | reduce<ap_fixed,16,Op_max<ap_fixed<27,9,4,0,0>>> | return value |
|ap_rst       |  in |    1| ap_ctrl_hs | reduce<ap_fixed,16,Op_max<ap_fixed<27,9,4,0,0>>> | return value |
|ap_return    | out |   27| ap_ctrl_hs | reduce<ap_fixed,16,Op_max<ap_fixed<27,9,4,0,0>>> | return value |
|ap_ce        |  in |    1| ap_ctrl_hs | reduce<ap_fixed,16,Op_max<ap_fixed<27,9,4,0,0>>> | return value |
|x_0_V_read   |  in |   27|   ap_none  |                    x_0_V_read                    |    scalar    |
|x_1_V_read   |  in |   27|   ap_none  |                    x_1_V_read                    |    scalar    |
|x_2_V_read   |  in |   27|   ap_none  |                    x_2_V_read                    |    scalar    |
|x_3_V_read   |  in |   27|   ap_none  |                    x_3_V_read                    |    scalar    |
|x_4_V_read   |  in |   27|   ap_none  |                    x_4_V_read                    |    scalar    |
|x_5_V_read   |  in |   27|   ap_none  |                    x_5_V_read                    |    scalar    |
|x_6_V_read   |  in |   27|   ap_none  |                    x_6_V_read                    |    scalar    |
|x_7_V_read   |  in |   27|   ap_none  |                    x_7_V_read                    |    scalar    |
|x_8_V_read   |  in |   27|   ap_none  |                    x_8_V_read                    |    scalar    |
|x_9_V_read   |  in |   27|   ap_none  |                    x_9_V_read                    |    scalar    |
|x_10_V_read  |  in |   27|   ap_none  |                    x_10_V_read                   |    scalar    |
|x_11_V_read  |  in |   27|   ap_none  |                    x_11_V_read                   |    scalar    |
|x_12_V_read  |  in |   27|   ap_none  |                    x_12_V_read                   |    scalar    |
|x_13_V_read  |  in |   27|   ap_none  |                    x_13_V_read                   |    scalar    |
|x_14_V_read  |  in |   27|   ap_none  |                    x_14_V_read                   |    scalar    |
|x_15_V_read  |  in |   27|   ap_none  |                    x_15_V_read                   |    scalar    |
+-------------+-----+-----+------------+--------------------------------------------------+--------------+

