Copyright 1986-2020 Xilinx, Inc. All Rights Reserved.
-----------------------------------------------------------------------------------------------------------------------------------------------------------------------------------------------------
| Tool Version : Vivado v.2020.1 (lin64) Build 2902540 Wed May 27 19:54:35 MDT 2020
| Date         : Sat Aug  8 11:20:36 2020
| Host         : cleopatra.nevis.columbia.edu running 64-bit CentOS Linux release 7.9.2009 (Core)
| Command      : report_accelerator_utilization -kernels { krnl_rtl:pfm_top_i/dynamic_region/krnl_rtl_1/inst:krnl_rtl_1} -file ../../../output/kernel_util_routed.rpt -name kernel_util_routed -json
| Design       : pfm_top_wrapper
| Device       : xcu250
| Design State : Routed
-----------------------------------------------------------------------------------------------------------------------------------------------------------------------------------------------------

Accelerator Utilization Design Information

Table of Contents
-----------------
1. System Utilization

1. System Utilization
---------------------

+---------------------+-------------------+------------------+-------------------+----------------+----------------+-----------------+
| Name                | LUT               | LUTAsMem         | REG               | BRAM           | URAM           | DSP             |
+---------------------+-------------------+------------------+-------------------+----------------+----------------+-----------------+
| Platform            |  153276 [  8.88%] |  16627 [  2.10%] |  240063 [  6.95%] |  257 [  9.56%] |    0 [  0.00%] |     7 [  0.06%] |
| User Budget         | 1573764 [100.00%] | 773933 [100.00%] | 3214017 [100.00%] | 2431 [100.00%] | 1280 [100.00%] | 12281 [100.00%] |
|    Used Resources   |   39617 [  2.52%] |   1106 [  0.14%] |   29054 [  0.90%] |   70 [  2.88%] |    0 [  0.00%] |    11 [  0.09%] |
|    Unused Resources | 1534147 [ 97.48%] | 772827 [ 99.86%] | 3184963 [ 99.10%] | 2361 [ 97.12%] | 1280 [100.00%] | 12270 [ 99.91%] |
| krnl_rtl            |   39617 [  2.52%] |   1106 [  0.14%] |   29054 [  0.90%] |   70 [  2.88%] |    0 [  0.00%] |    11 [  0.09%] |
|    krnl_rtl_1       |   39617 [  2.52%] |   1106 [  0.14%] |   29054 [  0.90%] |   70 [  2.88%] |    0 [  0.00%] |    11 [  0.09%] |
+---------------------+-------------------+------------------+-------------------+----------------+----------------+-----------------+


